Component: ARM Compiler 5.06 update 5 (build 528) Tool: armlink [4d35e2]

==============================================================================

Section Cross References

    startup_stm32f10x_hd.o(RESET) refers to startup_stm32f10x_hd.o(STACK) for __initial_sp
    startup_stm32f10x_hd.o(RESET) refers to startup_stm32f10x_hd.o(.text) for Reset_Handler
    startup_stm32f10x_hd.o(RESET) refers to stm32f10x_it.o(i.NMI_Handler) for NMI_Handler
    startup_stm32f10x_hd.o(RESET) refers to stm32f10x_it.o(i.HardFault_Handler) for HardFault_Handler
    startup_stm32f10x_hd.o(RESET) refers to stm32f10x_it.o(i.MemManage_Handler) for MemManage_Handler
    startup_stm32f10x_hd.o(RESET) refers to stm32f10x_it.o(i.BusFault_Handler) for BusFault_Handler
    startup_stm32f10x_hd.o(RESET) refers to stm32f10x_it.o(i.UsageFault_Handler) for UsageFault_Handler
    startup_stm32f10x_hd.o(RESET) refers to stm32f10x_it.o(i.SVC_Handler) for SVC_Handler
    startup_stm32f10x_hd.o(RESET) refers to stm32f10x_it.o(i.DebugMon_Handler) for DebugMon_Handler
    startup_stm32f10x_hd.o(RESET) refers to stm32f10x_it.o(i.PendSV_Handler) for PendSV_Handler
    startup_stm32f10x_hd.o(RESET) refers to stm32f10x_it.o(i.SysTick_Handler) for SysTick_Handler
    startup_stm32f10x_hd.o(RESET) refers to stm32f10x_it.o(i.TIM2_IRQHandler) for TIM2_IRQHandler
    startup_stm32f10x_hd.o(RESET) refers to stm32f10x_it.o(i.USART1_IRQHandler) for USART1_IRQHandler
    startup_stm32f10x_hd.o(.text) refers to system_stm32f10x.o(i.SystemInit) for SystemInit
    startup_stm32f10x_hd.o(.text) refers to entry.o(.ARM.Collect$$$$00000000) for __main
    system_stm32f10x.o(i.SetSysClock) refers to system_stm32f10x.o(i.SetSysClockTo72) for SetSysClockTo72
    system_stm32f10x.o(i.SystemCoreClockUpdate) refers to system_stm32f10x.o(.data) for SystemCoreClock
    system_stm32f10x.o(i.SystemInit) refers to system_stm32f10x.o(i.SetSysClock) for SetSysClock
    stm32f10x_adc.o(i.ADC_DeInit) refers to stm32f10x_rcc.o(i.RCC_APB2PeriphResetCmd) for RCC_APB2PeriphResetCmd
    stm32f10x_bkp.o(i.BKP_DeInit) refers to stm32f10x_rcc.o(i.RCC_BackupResetCmd) for RCC_BackupResetCmd
    stm32f10x_can.o(i.CAN_DeInit) refers to stm32f10x_rcc.o(i.RCC_APB1PeriphResetCmd) for RCC_APB1PeriphResetCmd
    stm32f10x_can.o(i.CAN_GetITStatus) refers to stm32f10x_can.o(i.CheckITStatus) for CheckITStatus
    stm32f10x_cec.o(i.CEC_DeInit) refers to stm32f10x_rcc.o(i.RCC_APB1PeriphResetCmd) for RCC_APB1PeriphResetCmd
    stm32f10x_dac.o(i.DAC_DeInit) refers to stm32f10x_rcc.o(i.RCC_APB1PeriphResetCmd) for RCC_APB1PeriphResetCmd
    stm32f10x_flash.o(i.FLASH_EnableWriteProtection) refers to stm32f10x_flash.o(i.FLASH_WaitForLastOperation) for FLASH_WaitForLastOperation
    stm32f10x_flash.o(i.FLASH_EraseAllBank1Pages) refers to stm32f10x_flash.o(i.FLASH_WaitForLastBank1Operation) for FLASH_WaitForLastBank1Operation
    stm32f10x_flash.o(i.FLASH_EraseAllPages) refers to stm32f10x_flash.o(i.FLASH_WaitForLastOperation) for FLASH_WaitForLastOperation
    stm32f10x_flash.o(i.FLASH_EraseOptionBytes) refers to stm32f10x_flash.o(i.FLASH_GetReadOutProtectionStatus) for FLASH_GetReadOutProtectionStatus
    stm32f10x_flash.o(i.FLASH_EraseOptionBytes) refers to stm32f10x_flash.o(i.FLASH_WaitForLastOperation) for FLASH_WaitForLastOperation
    stm32f10x_flash.o(i.FLASH_ErasePage) refers to stm32f10x_flash.o(i.FLASH_WaitForLastOperation) for FLASH_WaitForLastOperation
    stm32f10x_flash.o(i.FLASH_ProgramHalfWord) refers to stm32f10x_flash.o(i.FLASH_WaitForLastOperation) for FLASH_WaitForLastOperation
    stm32f10x_flash.o(i.FLASH_ProgramOptionByteData) refers to stm32f10x_flash.o(i.FLASH_WaitForLastOperation) for FLASH_WaitForLastOperation
    stm32f10x_flash.o(i.FLASH_ProgramWord) refers to stm32f10x_flash.o(i.FLASH_WaitForLastOperation) for FLASH_WaitForLastOperation
    stm32f10x_flash.o(i.FLASH_ReadOutProtection) refers to stm32f10x_flash.o(i.FLASH_WaitForLastOperation) for FLASH_WaitForLastOperation
    stm32f10x_flash.o(i.FLASH_UserOptionByteConfig) refers to stm32f10x_flash.o(i.FLASH_WaitForLastOperation) for FLASH_WaitForLastOperation
    stm32f10x_flash.o(i.FLASH_WaitForLastBank1Operation) refers to stm32f10x_flash.o(i.FLASH_GetBank1Status) for FLASH_GetBank1Status
    stm32f10x_flash.o(i.FLASH_WaitForLastOperation) refers to stm32f10x_flash.o(i.FLASH_GetBank1Status) for FLASH_GetBank1Status
    stm32f10x_gpio.o(i.GPIO_AFIODeInit) refers to stm32f10x_rcc.o(i.RCC_APB2PeriphResetCmd) for RCC_APB2PeriphResetCmd
    stm32f10x_gpio.o(i.GPIO_DeInit) refers to stm32f10x_rcc.o(i.RCC_APB2PeriphResetCmd) for RCC_APB2PeriphResetCmd
    stm32f10x_i2c.o(i.I2C_DeInit) refers to stm32f10x_rcc.o(i.RCC_APB1PeriphResetCmd) for RCC_APB1PeriphResetCmd
    stm32f10x_i2c.o(i.I2C_Init) refers to stm32f10x_rcc.o(i.RCC_GetClocksFreq) for RCC_GetClocksFreq
    stm32f10x_pwr.o(i.PWR_DeInit) refers to stm32f10x_rcc.o(i.RCC_APB1PeriphResetCmd) for RCC_APB1PeriphResetCmd
[...]
    ..\..\Libraries\FWlib\src\stm32f10x_adc.c 0x00000000   Number         0  stm32f10x_adc.o ABSOLUTE
    ..\..\Libraries\FWlib\src\stm32f10x_bkp.c 0x00000000   Number         0  stm32f10x_bkp.o ABSOLUTE
    ..\..\Libraries\FWlib\src\stm32f10x_can.c 0x00000000   Number         0  stm32f10x_can.o ABSOLUTE
    ..\..\Libraries\FWlib\src\stm32f10x_cec.c 0x00000000   Number         0  stm32f10x_cec.o ABSOLUTE
    ..\..\Libraries\FWlib\src\stm32f10x_crc.c 0x00000000   Number         0  stm32f10x_crc.o ABSOLUTE
    ..\..\Libraries\FWlib\src\stm32f10x_dac.c 0x00000000   Number         0  stm32f10x_dac.o ABSOLUTE
    ..\..\Libraries\FWlib\src\stm32f10x_dbgmcu.c 0x00000000   Number         0  stm32f10x_dbgmcu.o ABSOLUTE
    ..\..\Libraries\FWlib\src\stm32f10x_dma.c 0x00000000   Number         0  stm32f10x_dma.o ABSOLUTE
    ..\..\Libraries\FWlib\src\stm32f10x_exti.c 0x00000000   Number         0  stm32f10x_exti.o ABSOLUTE
    ..\..\Libraries\FWlib\src\stm32f10x_flash.c 0x00000000   Number         0  stm32f10x_flash.o ABSOLUTE
    ..\..\Libraries\FWlib\src\stm32f10x_fsmc.c 0x00000000   Number         0  stm32f10x_fsmc.o ABSOLUTE
    ..\..\Libraries\FWlib\src\stm32f10x_gpio.c 0x00000000   Number         0  stm32f10x_gpio.o ABSOLUTE
    ..\..\Libraries\FWlib\src\stm32f10x_i2c.c 0x00000000   Number         0  stm32f10x_i2c.o ABSOLUTE
    ..\..\Libraries\FWlib\src\stm32f10x_iwdg.c 0x00000000   Number         0  stm32f10x_iwdg.o ABSOLUTE
    ..\..\Libraries\FWlib\src\stm32f10x_pwr.c 0x00000000   Number         0  stm32f10x_pwr.o ABSOLUTE
    ..\..\Libraries\FWlib\src\stm32f10x_rcc.c 0x00000000   Number         0  stm32f10x_rcc.o ABSOLUTE
    ..\..\Libraries\FWlib\src\stm32f10x_rtc.c 0x00000000   Number         0  stm32f10x_rtc.o ABSOLUTE
    ..\..\Libraries\FWlib\src\stm32f10x_sdio.c 0x00000000   Number         0  stm32f10x_sdio.o ABSOLUTE
    ..\..\Libraries\FWlib\src\stm32f10x_spi.c 0x00000000   Number         0  stm32f10x_spi.o ABSOLUTE
    ..\..\Libraries\FWlib\src\stm32f10x_tim.c 0x00000000   Number         0  stm32f10x_tim.o ABSOLUTE
    ..\..\Libraries\FWlib\src\stm32f10x_usart.c 0x00000000   Number         0  stm32f10x_usart.o ABSOLUTE
    ..\..\Libraries\FWlib\src\stm32f10x_wwdg.c 0x00000000   Number         0  stm32f10x_wwdg.o ABSOLUTE
    ..\..\User\Lcd\bsp_ili9341_lcd.c         0x00000000   Number         0  bsp_ili9341_lcd.o ABSOLUTE
    ..\..\User\flash\bsp_spi_flash.c         0x00000000   Number         0  bsp_spi_flash.o ABSOLUTE
    ..\..\User\font\fonts.c                  0x00000000   Number         0  fonts.o ABSOLUTE
    ..\..\User\lcd\bsp_xpt2046_lcd.c         0x00000000   Number         0  bsp_xpt2046_lcd.o ABSOLUTE
    ..\..\User\lcdtouch.c                    0x00000000   Number         0  lcdtouch.o ABSOLUTE
    ..\..\User\led\bsp_led.c                 0x00000000   Number         0  bsp_led.o ABSOLUTE
    ..\..\User\main.c                        0x00000000   Number         0  main.o ABSOLUTE
    ..\..\User\stm32f10x_it.c                0x00000000   Number         0  stm32f10x_it.o ABSOLUTE
    ..\..\User\usart\bsp_usart.c             0x00000000   Number         0  bsp_usart.o ABSOLUTE
    ..\\..\\Libraries\\CMSIS\\core_cm3.c     0x00000000   Number         0  core_cm3.o ABSOLUTE
    cdrcmple.s                               0x00000000   Number         0  cdrcmple.o ABSOLUTE
    cfcmple.s                                0x00000000   Number         0  cfcmple.o ABSOLUTE
    dc.s                                     0x00000000   Number         0  dc.o ABSOLUTE
    handlers.s                               0x00000000   Number         0  handlers.o ABSOLUTE
    init.s                                   0x00000000   Number         0  init.o ABSOLUTE
    RESET                                    0x08000000   Section      304  startup_stm32f10x_hd.o(RESET)
    .ARM.Collect$$$$00000000                 0x08000130   Section        0  entry.o(.ARM.Collect$$$$00000000)
    .ARM.Collect$$$$00000001                 0x08000130   Section        4  entry2.o(.ARM.Collect$$$$00000001)
    .ARM.Collect$$$$00000004                 0x08000134   Section        4  entry5.o(.ARM.Collect$$$$00000004)
    .ARM.Collect$$$$00000008                 0x08000138   Section        0  entry7b.o(.ARM.Collect$$$$00000008)
    .ARM.Collect$$$$0000000A                 0x08000138   Section        0  entry8b.o(.ARM.Collect$$$$0000000A)
    .ARM.Collect$$$$0000000B                 0x08000138   Section        8  entry9a.o(.ARM.Collect$$$$0000000B)
    .ARM.Collect$$$$0000000D                 0x08000140   Section        0  entry10a.o(.ARM.Collect$$$$0000000D)
    .ARM.Collect$$$$0000000F                 0x08000140   Section        0  entry11a.o(.ARM.Collect$$$$0000000F)
    .ARM.Collect$$$$00002712                 0x08000140   Section        4  entry2.o(.ARM.Collect$$$$00002712)
    __lit__00000000                          0x08000140   Data           4  entry2.o(.ARM.Collect$$$$00002712)
    .text                                    0x08000144   Section       36  startup_stm32f10x_hd.o(.text)
    .text                                    0x08000168   Section        0  memseta.o(.text)
    .text                                    0x0800018c   Section        0  strlen.o(.text)
    .text                                    0x0800019a   Section        0  strcmp.o(.text)
    .text                                    0x080001b8   Section        0  __0sscanf.o(.text)
    .text                                    0x080001f0   Section        0  _scanf_int.o(.text)
    .text                                    0x0800033c   Section        0  fadd.o(.text)
    .text                                    0x080003ec   Section        0  fmul.o(.text)
    .text                                    0x08000450   Section        0  fdiv.o(.text)
    .text                                    0x080004cc   Section        0  dmul.o(.text)
    .text                                    0x080005b0   Section        0  ddiv.o(.text)
    .text                                    0x0800068e   Section        0  fflti.o(.text)
    .text                                    0x080006a0   Section        0  ffixi.o(.text)
    .text                                    0x080006d2   Section        0  ffixui.o(.text)
    .text                                    0x080006fa   Section        0  f2d.o(.text)
    .text                                    0x08000720   Section        0  d2f.o(.text)
    .text                                    0x08000758   Section       20  cfcmple.o(.text)
    .text                                    0x0800076c   Section        0  uidiv.o(.text)
    .text                                    0x08000798   Section        0  _chval.o(.text)
    .text                                    0x080007b4   Section        0  scanf_char.o(.text)
    _scanf_char_input                        0x080007b5   Thumb Code    12  scanf_char.o(.text)
    .text                                    0x080007dc   Section        0  _sgetc.o(.text)
    .text                                    0x0800081c   Section        0  iusefp.o(.text)
    .text                                    0x0800081c   Section        0  fepilogue.o(.text)
    .text                                    0x0800088a   Section        0  depilogue.o(.text)
    .text                                    0x08000944   Section       36  init.o(.text)
    .text                                    0x08000968   Section        0  llshl.o(.text)
    .text                                    0x08000986   Section        0  llushr.o(.text)
    .text                                    0x080009a6   Section        0  isspace_c.o(.text)
    .text                                    0x080009b0   Section        0  _scanf.o(.text)
    .text                                    0x08000cdc   Section        0  ctype_c.o(.text)
    .text                                    0x08000d04   Section        0  __dczerorl2.o(.text)
    i.BEEP_GPIO_Config_SPL                   0x08000d5c   Section        0  main.o(i.BEEP_GPIO_Config_SPL)
    i.Beeper_Off                             0x08000d8c   Section        0  main.o(i.Beeper_Off)
    i.Beeper_On                              0x08000da0   Section        0  main.o(i.Beeper_On)
    i.BusFault_Handler                       0x08000db4   Section        0  stm32f10x_it.o(i.BusFault_Handler)
    i.Calibrate_or_Get_TouchParaWithFlash    0x08000db8   Section        0  bsp_xpt2046_lcd.o(i.Calibrate_or_Get_TouchParaWithFlash)
    i.CheckAndTriggerBell                    0x08000e44   Section        0  main.o(i.CheckAndTriggerBell)
    i.Command_Increment_Selected_Unit        0x08000f1c   Section        0  lcdtouch.o(i.Command_Increment_Selected_Unit)
    Command_Increment_Selected_Unit          0x08000f1d   Thumb Code   106  lcdtouch.o(i.Command_Increment_Selected_Unit)
    i.Command_Select_Adjust_Unit             0x08000f9c   Section        0  lcdtouch.o(i.Command_Select_Adjust_Unit)
    Command_Select_Adjust_Unit               0x08000f9d   Thumb Code    48  lcdtouch.o(i.Command_Select_Adjust_Unit)
    i.DebugMon_Handler                       0x08000fd4   Section        0  stm32f10x_it.o(i.DebugMon_Handler)
    i.Delay_Ms                               0x08000fd8   Section        0  main.o(i.Delay_Ms)
    i.Draw_IncrementVal_Button               0x08000ff0   Section        0  lcdtouch.o(i.Draw_IncrementVal_Button)
    Draw_IncrementVal_Button                 0x08000ff1   Thumb Code   192  lcdtouch.o(i.Draw_IncrementVal_Button)
    i.Draw_SelectUnit_Button                 0x080010bc   Section        0  lcdtouch.o(i.Draw_SelectUnit_Button)
    Draw_SelectUnit_Button                   0x080010bd   Thumb Code   200  lcdtouch.o(i.Draw_SelectUnit_Button)
    i.Error_Handler_SPL                      0x08001194   Section        0  main.o(i.Error_Handler_SPL)
    i.FLASH_PrefetchBufferCmd                0x080011c0   Section        0  stm32f10x_flash.o(i.FLASH_PrefetchBufferCmd)
    i.FLASH_SetLatency                       0x080011dc   Section        0  stm32f10x_flash.o(i.FLASH_SetLatency)
    i.FSMC_NORSRAMCmd                        0x080011f4   Section        0  stm32f10x_fsmc.o(i.FSMC_NORSRAMCmd)
    i.FSMC_NORSRAMInit                       0x08001228   Section        0  stm32f10x_fsmc.o(i.FSMC_NORSRAMInit)
    i.GPIO_Init                              0x0800130e   Section        0  stm32f10x_gpio.o(i.GPIO_Init)
    i.GPIO_Keys_Init_SPL                     0x08001424   Section        0  main.o(i.GPIO_Keys_Init_SPL)
    i.GPIO_ReadInputDataBit                  0x0800145c   Section        0  stm32f10x_gpio.o(i.GPIO_ReadInputDataBit)
    i.GPIO_ResetBits                         0x0800146e   Section        0  stm32f10x_gpio.o(i.GPIO_ResetBits)
    i.GPIO_SetBits                           0x08001472   Section        0  stm32f10x_gpio.o(i.GPIO_SetBits)
    i.GetGBKCode_from_EXFlash                0x08001478   Section        0  fonts.o(i.GetGBKCode_from_EXFlash)
    i.Get_SystemTicks                        0x080014cc   Section        0  main.o(i.Get_SystemTicks)
    i.HandleBellState                        0x080014d8   Section        0  main.o(i.HandleBellState)
    i.HardFault_Handler                      0x08001504   Section        0  stm32f10x_it.o(i.HardFault_Handler)
    i.ILI9341_BackLed_Control                0x08001508   Section        0  bsp_ili9341_lcd.o(i.ILI9341_BackLed_Control)
    i.ILI9341_Clear                          0x0800152c   Section        0  bsp_ili9341_lcd.o(i.ILI9341_Clear)
    i.ILI9341_Delay                          0x08001558   Section        0  bsp_ili9341_lcd.o(i.ILI9341_Delay)
    ILI9341_Delay                            0x08001559   Thumb Code    18  bsp_ili9341_lcd.o(i.ILI9341_Delay)
    i.ILI9341_DispChar_CH                    0x0800156c   Section        0  bsp_ili9341_lcd.o(i.ILI9341_DispChar_CH)
    i.ILI9341_DispChar_EN                    0x080015f0   Section        0  bsp_ili9341_lcd.o(i.ILI9341_DispChar_EN)
    i.ILI9341_DispStringLine_EN              0x08001688   Section        0  bsp_ili9341_lcd.o(i.ILI9341_DispStringLine_EN)
    i.ILI9341_DispStringLine_EN_CH           0x080016f0   Section        0  bsp_ili9341_lcd.o(i.ILI9341_DispStringLine_EN_CH)
    i.ILI9341_DispString_EN_CH               0x080017a4   Section        0  bsp_ili9341_lcd.o(i.ILI9341_DispString_EN_CH)
    i.ILI9341_DrawCross                      0x08001858   Section        0  bsp_xpt2046_lcd.o(i.ILI9341_DrawCross)
    ILI9341_DrawCross                        0x08001859   Thumb Code    44  bsp_xpt2046_lcd.o(i.ILI9341_DrawCross)
    i.ILI9341_DrawLine                       0x08001884   Section        0  bsp_ili9341_lcd.o(i.ILI9341_DrawLine)
    i.ILI9341_DrawRectangle                  0x08001924   Section        0  bsp_ili9341_lcd.o(i.ILI9341_DrawRectangle)
    i.ILI9341_FSMC_Config                    0x080019ac   Section        0  bsp_ili9341_lcd.o(i.ILI9341_FSMC_Config)
    ILI9341_FSMC_Config                      0x080019ad   Thumb Code   110  bsp_ili9341_lcd.o(i.ILI9341_FSMC_Config)
    i.ILI9341_FillColor                      0x08001a1a   Section        0  bsp_ili9341_lcd.o(i.ILI9341_FillColor)
    ILI9341_FillColor                        0x08001a1b   Thumb Code    32  bsp_ili9341_lcd.o(i.ILI9341_FillColor)
    i.ILI9341_GPIO_Config                    0x08001a3c   Section        0  bsp_ili9341_lcd.o(i.ILI9341_GPIO_Config)
    ILI9341_GPIO_Config                      0x08001a3d   Thumb Code   398  bsp_ili9341_lcd.o(i.ILI9341_GPIO_Config)
    i.ILI9341_GramScan                       0x08001bd4   Section        0  bsp_ili9341_lcd.o(i.ILI9341_GramScan)
    i.ILI9341_Init                           0x08001cb4   Section        0  bsp_ili9341_lcd.o(i.ILI9341_Init)
    i.ILI9341_OpenWindow                     0x08001cdc   Section        0  bsp_ili9341_lcd.o(i.ILI9341_OpenWindow)
    i.ILI9341_REG_Config                     0x08001d3c   Section        0  bsp_ili9341_lcd.o(i.ILI9341_REG_Config)
    ILI9341_REG_Config                       0x08001d3d   Thumb Code  1098  bsp_ili9341_lcd.o(i.ILI9341_REG_Config)
    i.ILI9341_ReadID                         0x0800218c   Section        0  bsp_ili9341_lcd.o(i.ILI9341_ReadID)
    i.ILI9341_Read_Data                      0x080021fc   Section        0  bsp_ili9341_lcd.o(i.ILI9341_Read_Data)
    i.ILI9341_Rst                            0x08002208   Section        0  bsp_ili9341_lcd.o(i.ILI9341_Rst)
    i.ILI9341_SetCursor                      0x08002230   Section        0  bsp_ili9341_lcd.o(i.ILI9341_SetCursor)
    ILI9341_SetCursor                        0x08002231   Thumb Code    20  bsp_ili9341_lcd.o(i.ILI9341_SetCursor)
    i.ILI9341_SetPointPixel                  0x08002244   Section        0  bsp_ili9341_lcd.o(i.ILI9341_SetPointPixel)
    i.ILI9341_Write_Cmd                      0x0800227c   Section        0  bsp_ili9341_lcd.o(i.ILI9341_Write_Cmd)
    i.ILI9341_Write_Data                     0x08002284   Section        0  bsp_ili9341_lcd.o(i.ILI9341_Write_Data)
    i.LCD_GetFont                            0x08002290   Section        0  bsp_ili9341_lcd.o(i.LCD_GetFont)
    i.LCD_SetBackColor                       0x0800229c   Section        0  bsp_ili9341_lcd.o(i.LCD_SetBackColor)
    i.LCD_SetColors                          0x080022a8   Section        0  bsp_ili9341_lcd.o(i.LCD_SetColors)
    i.LCD_SetFont                            0x080022bc   Section        0  bsp_ili9341_lcd.o(i.LCD_SetFont)
    i.LCD_SetTextColor                       0x080022c8   Section        0  bsp_ili9341_lcd.o(i.LCD_SetTextColor)
    i.LCD_Test                               0x080022d4   Section        0  main.o(i.LCD_Test)
    LCD_Test                                 0x080022d5   Thumb Code   314  main.o(i.LCD_Test)
    i.LED_GPIO_Config                        0x080025ac   Section        0  bsp_led.o(i.LED_GPIO_Config)
    i.MemManage_Handler                      0x0800260c   Section        0  stm32f10x_it.o(i.MemManage_Handler)
    i.NMI_Handler                            0x08002610   Section        0  stm32f10x_it.o(i.NMI_Handler)
    i.NVIC_DisableIRQ                        0x08002614   Section        0  main.o(i.NVIC_DisableIRQ)
    NVIC_DisableIRQ                          0x08002615   Thumb Code    18  main.o(i.NVIC_DisableIRQ)
    i.NVIC_Init                              0x0800262c   Section        0  misc.o(i.NVIC_Init)
    i.Palette_Init                           0x0800269c   Section        0  lcdtouch.o(i.Palette_Init)
    i.PendSV_Handler                         0x080026dc   Section        0  stm32f10x_it.o(i.PendSV_Handler)
    i.RCC_AHBPeriphClockCmd                  0x080026e0   Section        0  stm32f10x_rcc.o(i.RCC_AHBPeriphClockCmd)
    i.RCC_APB1PeriphClockCmd                 0x08002700   Section        0  stm32f10x_rcc.o(i.RCC_APB1PeriphClockCmd)
    i.RCC_APB2PeriphClockCmd                 0x08002720   Section        0  stm32f10x_rcc.o(i.RCC_APB2PeriphClockCmd)
    i.RCC_DeInit                             0x08002740   Section        0  stm32f10x_rcc.o(i.RCC_DeInit)
    i.RCC_GetClocksFreq                      0x0800278c   Section        0  stm32f10x_rcc.o(i.RCC_GetClocksFreq)
    i.RCC_GetFlagStatus                      0x08002860   Section        0  stm32f10x_rcc.o(i.RCC_GetFlagStatus)
    i.RCC_GetSYSCLKSource                    0x0800289c   Section        0  stm32f10x_rcc.o(i.RCC_GetSYSCLKSource)
    i.RCC_HCLKConfig                         0x080028ac   Section        0  stm32f10x_rcc.o(i.RCC_HCLKConfig)
    i.RCC_HSEConfig                          0x080028c4   Section        0  stm32f10x_rcc.o(i.RCC_HSEConfig)
    i.RCC_PCLK1Config                        0x08002910   Section        0  stm32f10x_rcc.o(i.RCC_PCLK1Config)
    i.RCC_PCLK2Config                        0x08002928   Section        0  stm32f10x_rcc.o(i.RCC_PCLK2Config)
    i.RCC_PLLCmd                             0x08002940   Section        0  stm32f10x_rcc.o(i.RCC_PLLCmd)
    i.RCC_PLLConfig                          0x0800294c   Section        0  stm32f10x_rcc.o(i.RCC_PLLConfig)
    i.RCC_SYSCLKConfig                       0x08002968   Section        0  stm32f10x_rcc.o(i.RCC_SYSCLKConfig)
    i.RCC_WaitForHSEStartUp                  0x08002980   Section        0  stm32f10x_rcc.o(i.RCC_WaitForHSEStartUp)
    i.SPI_Cmd                                0x080029b8   Section        0  stm32f10x_spi.o(i.SPI_Cmd)
    i.SPI_FLASH_BufferRead                   0x080029d0   Section        0  bsp_spi_flash.o(i.SPI_FLASH_BufferRead)
    i.SPI_FLASH_BufferWrite                  0x08002a20   Section        0  bsp_spi_flash.o(i.SPI_FLASH_BufferWrite)
    i.SPI_FLASH_Init                         0x08002b44   Section        0  bsp_spi_flash.o(i.SPI_FLASH_Init)
    i.SPI_FLASH_PageWrite                    0x08002c04   Section        0  bsp_spi_flash.o(i.SPI_FLASH_PageWrite)
    i.SPI_FLASH_SectorErase                  0x08002ca0   Section        0  bsp_spi_flash.o(i.SPI_FLASH_SectorErase)
    i.SPI_FLASH_SendByte                     0x08002ce4   Section        0  bsp_spi_flash.o(i.SPI_FLASH_SendByte)
    i.SPI_FLASH_WaitForWriteEnd              0x08002d5c   Section        0  bsp_spi_flash.o(i.SPI_FLASH_WaitForWriteEnd)
    i.SPI_FLASH_WriteEnable                  0x08002d90   Section        0  bsp_spi_flash.o(i.SPI_FLASH_WriteEnable)
    i.SPI_I2S_GetFlagStatus                  0x08002db0   Section        0  stm32f10x_spi.o(i.SPI_I2S_GetFlagStatus)
    i.SPI_I2S_ReceiveData                    0x08002dc2   Section        0  stm32f10x_spi.o(i.SPI_I2S_ReceiveData)
    i.SPI_I2S_SendData                       0x08002dc8   Section        0  stm32f10x_spi.o(i.SPI_I2S_SendData)
    i.SPI_Init                               0x08002dcc   Section        0  stm32f10x_spi.o(i.SPI_Init)
    i.SPI_TIMEOUT_UserCallback               0x08002e08   Section        0  bsp_spi_flash.o(i.SPI_TIMEOUT_UserCallback)
    SPI_TIMEOUT_UserCallback                 0x08002e09   Thumb Code    16  bsp_spi_flash.o(i.SPI_TIMEOUT_UserCallback)
    i.SVC_Handler                            0x08002e48   Section        0  stm32f10x_it.o(i.SVC_Handler)
    i.SetSysClock                            0x08002e4a   Section        0  system_stm32f10x.o(i.SetSysClock)
    SetSysClock                              0x08002e4b   Thumb Code     8  system_stm32f10x.o(i.SetSysClock)
    i.SetSysClockTo72                        0x08002e54   Section        0  system_stm32f10x.o(i.SetSysClockTo72)
    SetSysClockTo72                          0x08002e55   Thumb Code   214  system_stm32f10x.o(i.SetSysClockTo72)
    i.StartBellRing                          0x08002f34   Section        0  main.o(i.StartBellRing)
    i.StopBellRing                           0x08002fc8   Section        0  main.o(i.StopBellRing)
    i.SysTick_Handler                        0x0800300c   Section        0  stm32f10x_it.o(i.SysTick_Handler)
    i.SysTick_Init                           0x0800301c   Section        0  main.o(i.SysTick_Init)
    i.SystemClock_Config_SPL                 0x08003084   Section        0  main.o(i.SystemClock_Config_SPL)
    i.SystemInit                             0x08003100   Section        0  system_stm32f10x.o(i.SystemInit)
    i.TIM2_IRQHandler                        0x08003160   Section        0  stm32f10x_it.o(i.TIM2_IRQHandler)
    i.TIM2_Init_SPL                          0x080031d0   Section        0  main.o(i.TIM2_Init_SPL)
    i.TIM_ClearITPendingBit                  0x08003232   Section        0  stm32f10x_tim.o(i.TIM_ClearITPendingBit)
    i.TIM_Cmd                                0x08003238   Section        0  stm32f10x_tim.o(i.TIM_Cmd)
    i.TIM_GetITStatus                        0x08003250   Section        0  stm32f10x_tim.o(i.TIM_GetITStatus)
    i.TIM_ITConfig                           0x08003272   Section        0  stm32f10x_tim.o(i.TIM_ITConfig)
    i.TIM_TimeBaseInit                       0x08003284   Section        0  stm32f10x_tim.o(i.TIM_TimeBaseInit)
    i.Touch_Button_Down                      0x08003328   Section        0  lcdtouch.o(i.Touch_Button_Down)
    i.Touch_Button_Init                      0x080033fc   Section        0  lcdtouch.o(i.Touch_Button_Init)
    Touch_Button_Init                        0x080033fd   Thumb Code   158  lcdtouch.o(i.Touch_Button_Init)
    i.Touch_Button_Up                        0x080034b8   Section        0  lcdtouch.o(i.Touch_Button_Up)
    i.USART1_IRQHandler                      0x080035b0   Section        0  stm32f10x_it.o(i.USART1_IRQHandler)
    i.USART_Cmd                              0x08003638   Section        0  stm32f10x_usart.o(i.USART_Cmd)
    i.USART_Config                           0x08003650   Section        0  bsp_usart.o(i.USART_Config)
    i.USART_GetFlagStatus                    0x080036f8   Section        0  stm32f10x_usart.o(i.USART_GetFlagStatus)
    i.USART_GetITStatus                      0x08003712   Section        0  stm32f10x_usart.o(i.USART_GetITStatus)
    i.USART_ITConfig                         0x08003766   Section        0  stm32f10x_usart.o(i.USART_ITConfig)
    i.USART_Init                             0x080037b0   Section        0  stm32f10x_usart.o(i.USART_Init)
    i.USART_ReceiveData                      0x08003888   Section        0  stm32f10x_usart.o(i.USART_ReceiveData)
    i.USART_SendData                         0x08003892   Section        0  stm32f10x_usart.o(i.USART_SendData)
    i.UsageFault_Handler                     0x0800389a   Section        0  stm32f10x_it.o(i.UsageFault_Handler)
    i.XPT2046_Calculate_CalibrationFactor    0x0800389e   Section        0  bsp_xpt2046_lcd.o(i.XPT2046_Calculate_CalibrationFactor)
    XPT2046_Calculate_CalibrationFactor      0x0800389f   Thumb Code   478  bsp_xpt2046_lcd.o(i.XPT2046_Calculate_CalibrationFactor)
    i.XPT2046_DelayUS                        0x08003a7c   Section        0  bsp_xpt2046_lcd.o(i.XPT2046_DelayUS)
    XPT2046_DelayUS                          0x08003a7d   Thumb Code    30  bsp_xpt2046_lcd.o(i.XPT2046_DelayUS)
    i.XPT2046_Get_TouchedPoint               0x08003a9c   Section        0  bsp_xpt2046_lcd.o(i.XPT2046_Get_TouchedPoint)
    i.XPT2046_Init                           0x08003b88   Section        0  bsp_xpt2046_lcd.o(i.XPT2046_Init)
    i.XPT2046_ReadAdc                        0x08003c18   Section        0  bsp_xpt2046_lcd.o(i.XPT2046_ReadAdc)
    XPT2046_ReadAdc                          0x08003c19   Thumb Code    16  bsp_xpt2046_lcd.o(i.XPT2046_ReadAdc)
    i.XPT2046_ReadAdc_Smooth_XY              0x08003c28   Section        0  bsp_xpt2046_lcd.o(i.XPT2046_ReadAdc_Smooth_XY)
    XPT2046_ReadAdc_Smooth_XY                0x08003c29   Thumb Code   336  bsp_xpt2046_lcd.o(i.XPT2046_ReadAdc_Smooth_XY)
    i.XPT2046_ReadAdc_XY                     0x08003d80   Section        0  bsp_xpt2046_lcd.o(i.XPT2046_ReadAdc_XY)
    XPT2046_ReadAdc_XY                       0x08003d81   Thumb Code    38  bsp_xpt2046_lcd.o(i.XPT2046_ReadAdc_XY)
    i.XPT2046_ReadCMD                        0x08003da8   Section        0  bsp_xpt2046_lcd.o(i.XPT2046_ReadCMD)
    XPT2046_ReadCMD                          0x08003da9   Thumb Code    74  bsp_xpt2046_lcd.o(i.XPT2046_ReadCMD)
    i.XPT2046_TouchDetect                    0x08003df8   Section        0  bsp_xpt2046_lcd.o(i.XPT2046_TouchDetect)
    i.XPT2046_TouchDown                      0x08003ea8   Section        0  bsp_xpt2046_lcd.o(i.XPT2046_TouchDown)
    i.XPT2046_TouchEvenHandler               0x08003ed0   Section        0  bsp_xpt2046_lcd.o(i.XPT2046_TouchEvenHandler)
    i.XPT2046_TouchUp                        0x08003f40   Section        0  bsp_xpt2046_lcd.o(i.XPT2046_TouchUp)
    i.XPT2046_Touch_Calibrate                0x08003f68   Section        0  bsp_xpt2046_lcd.o(i.XPT2046_Touch_Calibrate)
    i.XPT2046_WriteCMD                       0x0800445c   Section        0  bsp_xpt2046_lcd.o(i.XPT2046_WriteCMD)
    XPT2046_WriteCMD                         0x0800445d   Thumb Code    94  bsp_xpt2046_lcd.o(i.XPT2046_WriteCMD)
    i.__0printf$6                            0x080044c0   Section        0  printf6.o(i.__0printf$6)
    i.__0sprintf$6                           0x080044e0   Section        0  printf6.o(i.__0sprintf$6)
    i.__scatterload_copy                     0x08004508   Section       14  handlers.o(i.__scatterload_copy)
    i.__scatterload_null                     0x08004516   Section        2  handlers.o(i.__scatterload_null)
    i.__scatterload_zeroinit                 0x08004518   Section       14  handlers.o(i.__scatterload_zeroinit)
    i._printf_core                           0x08004528   Section        0  printf6.o(i._printf_core)
    _printf_core                             0x08004529   Thumb Code   748  printf6.o(i._printf_core)
    i._printf_post_padding                   0x08004818   Section        0  printf6.o(i._printf_post_padding)
    _printf_post_padding                     0x08004819   Thumb Code    36  printf6.o(i._printf_post_padding)
    i._printf_pre_padding                    0x0800483c   Section        0  printf6.o(i._printf_pre_padding)
    _printf_pre_padding                      0x0800483d   Thumb Code    46  printf6.o(i._printf_pre_padding)
    i._sputc                                 0x0800486a   Section        0  printf6.o(i._sputc)
    _sputc                                   0x0800486b   Thumb Code    10  printf6.o(i._sputc)
    i.fputc                                  0x08004874   Section        0  bsp_usart.o(i.fputc)
    i.key_scan                               0x08004898   Section        0  main.o(i.key_scan)
    i.main                                   0x08004994   Section        0  main.o(i.main)
    .constdata                               0x08004c6c   Section    15200  fonts.o(.constdata)
    .constdata                               0x080087cc   Section       64  ctype_c.o(.constdata)
    .data                                    0x20000000   Section       20  system_stm32f10x.o(.data)
    .data                                    0x20000014   Section       20  stm32f10x_rcc.o(.data)
    APBAHBPrescTable                         0x20000014   Data          16  stm32f10x_rcc.o(.data)
    ADCPrescTable                            0x20000024   Data           4  stm32f10x_rcc.o(.data)
    .data                                    0x20000028   Section      113  main.o(.data)
    midnight_reset_done                      0x20000095   Data           1  main.o(.data)
    last_minute_checked                      0x20000096   Data           1  main.o(.data)
    k1_last_state                            0x20000097   Data           1  main.o(.data)
    k2_last_state                            0x20000098   Data           1  main.o(.data)
    .data                                    0x2000009c   Section        4  bsp_spi_flash.o(.data)
    SPITimeout                               0x2000009c   Data           4  bsp_spi_flash.o(.data)
    .data                                    0x200000a0   Section       16  bsp_ili9341_lcd.o(.data)
    LCD_Currentfonts                         0x200000a8   Data           4  bsp_ili9341_lcd.o(.data)
    CurrentTextColor                         0x200000ac   Data           2  bsp_ili9341_lcd.o(.data)
    CurrentBackColor                         0x200000ae   Data           2  bsp_ili9341_lcd.o(.data)
    .data                                    0x200000b0   Section      208  bsp_xpt2046_lcd.o(.data)
    touch_state                              0x20000171   Data           1  bsp_xpt2046_lcd.o(.data)
    i                                        0x20000174   Data           4  bsp_xpt2046_lcd.o(.data)
    cinfo                                    0x20000178   Data           8  bsp_xpt2046_lcd.o(.data)
    .data                                    0x20000180   Section       25  fonts.o(.data)
    everRead                                 0x20000198   Data           1  fonts.o(.data)
    .data                                    0x2000019c   Section        4  stdout.o(.data)
    .bss                                     0x200001a0   Section       30  main.o(.bss)
    .bss                                     0x200001c0   Section       48  lcdtouch.o(.bss)
    STACK                                    0x200001f0   Section     4096  startup_stm32f10x_hd.o(STACK)

    Global Symbols

    Symbol Name                              Value     Ov Type        Size  Object(Section)

    BuildAttributes$$THM_ISAv4$P$D$K$B$S$PE$A:L22UL41UL21$X:L11$S22US41US21$IEEE1$IW$USESV6$~STKCKD$USESV7$~SHL$OTIME$ROPI$EBA8$MICROLIB$REQ8$PRES8$EABIv2 0x00000000   Number         0  anon$$obj.o ABSOLUTE
    __ARM_use_no_argv                        0x00000000   Number         0  main.o ABSOLUTE
    _printf_a                                0x00000000   Number         0  stubs.o ABSOLUTE
    _printf_c                                0x00000000   Number         0  stubs.o ABSOLUTE
    _printf_charcount                        0x00000000   Number         0  stubs.o ABSOLUTE
    _printf_d                                0x00000000   Number         0  stubs.o ABSOLUTE
    _printf_e                                0x00000000   Number         0  stubs.o ABSOLUTE
    _printf_f                                0x00000000   Number         0  stubs.o ABSOLUTE
    _printf_flags                            0x00000000   Number         0  stubs.o ABSOLUTE
    _printf_fp_dec                           0x00000000   Number         0  stubs.o ABSOLUTE
    _printf_fp_hex                           0x00000000   Number         0  stubs.o ABSOLUTE
    _printf_g                                0x00000000   Number         0  stubs.o ABSOLUTE
    _printf_i                                0x00000000   Number         0  stubs.o ABSOLUTE
    _printf_int_dec                          0x00000000   Number         0  stubs.o ABSOLUTE
    _printf_l                                0x00000000   Number         0  stubs.o ABSOLUTE
    _printf_lc                               0x00000000   Number         0  stubs.o ABSOLUTE
    _printf_ll                               0x00000000   Number         0  stubs.o ABSOLUTE
    _printf_lld                              0x00000000   Number         0  stubs.o ABSOLUTE
    _printf_lli                              0x00000000   Number         0  stubs.o ABSOLUTE
    _printf_llo                              0x00000000   Number         0  stubs.o ABSOLUTE
    _printf_llu                              0x00000000   Number         0  stubs.o ABSOLUTE
    _printf_llx                              0x00000000   Number         0  stubs.o ABSOLUTE
    _printf_longlong_dec                     0x00000000   Number         0  stubs.o ABSOLUTE
    _printf_longlong_hex                     0x00000000   Number         0  stubs.o ABSOLUTE
    _printf_longlong_oct                     0x00000000   Number         0  stubs.o ABSOLUTE
    _printf_ls                               0x00000000   Number         0  stubs.o ABSOLUTE
    _printf_mbtowc                           0x00000000   Number         0  stubs.o ABSOLUTE
    _printf_n                                0x00000000   Number         0  stubs.o ABSOLUTE
    _printf_o                                0x00000000   Number         0  stubs.o ABSOLUTE
    _printf_p                                0x00000000   Number         0  stubs.o ABSOLUTE
    _printf_percent                          0x00000000   Number         0  stubs.o ABSOLUTE
    _printf_pre_padding                      0x00000000   Number         0  stubs.o ABSOLUTE
    _printf_return_value                     0x00000000   Number         0  stubs.o ABSOLUTE
    _printf_s                                0x00000000   Number         0  stubs.o ABSOLUTE
    _printf_sizespec                         0x00000000   Number         0  stubs.o ABSOLUTE
    _printf_str                              0x00000000   Number         0  stubs.o ABSOLUTE
    _printf_truncate_signed                  0x00000000   Number         0  stubs.o ABSOLUTE
    _printf_truncate_unsigned                0x00000000   Number         0  stubs.o ABSOLUTE
    _printf_u                                0x00000000   Number         0  stubs.o ABSOLUTE
    _printf_wc                               0x00000000   Number         0  stubs.o ABSOLUTE
    _printf_wctomb                           0x00000000   Number         0  stubs.o ABSOLUTE
    _printf_widthprec                        0x00000000   Number         0  stubs.o ABSOLUTE
    _printf_x                                0x00000000   Number         0  stubs.o ABSOLUTE
    __cpp_initialize__aeabi_                  - Undefined Weak Reference
    __cxa_finalize                            - Undefined Weak Reference
    _clock_init                               - Undefined Weak Reference
    _microlib_exit                            - Undefined Weak Reference
    _scanf_longlong                           - Undefined Weak Reference
    _scanf_real                               - Undefined Weak Reference
    _scanf_string                             - Undefined Weak Reference
    __Vectors_Size                           0x00000130   Number         0  startup_stm32f10x_hd.o ABSOLUTE
    __Vectors                                0x08000000   Data           4  startup_stm32f10x_hd.o(RESET)
    __Vectors_End                            0x08000130   Data           0  startup_stm32f10x_hd.o(RESET)
    __main                                   0x08000131   Thumb Code     0  entry.o(.ARM.Collect$$$$00000000)
    _main_stk                                0x08000131   Thumb Code     0  entry2.o(.ARM.Collect$$$$00000001)
    _main_scatterload                        0x08000135   Thumb Code     0  entry5.o(.ARM.Collect$$$$00000004)
    __main_after_scatterload                 0x08000139   Thumb Code     0  entry5.o(.ARM.Collect$$$$00000004)
    _main_clock                              0x08000139   Thumb Code     0  entry7b.o(.ARM.Collect$$$$00000008)
    _main_cpp_init                           0x08000139   Thumb Code     0  entry8b.o(.ARM.Collect$$$$0000000A)
    _main_init                               0x08000139   Thumb Code     0  entry9a.o(.ARM.Collect$$$$0000000B)
    __rt_final_cpp                           0x08000141   Thumb Code     0  entry10a.o(.ARM.Collect$$$$0000000D)
    __rt_final_exit                          0x08000141   Thumb Code     0  entry11a.o(.ARM.Collect$$$$0000000F)
    Reset_Handler                            0x08000145   Thumb Code     8  startup_stm32f10x_hd.o(.text)
    ADC1_2_IRQHandler                        0x0800015f   Thumb Code     0  startup_stm32f10x_hd.o(.text)
    ADC3_IRQHandler                          0x0800015f   Thumb Code     0  startup_stm32f10x_hd.o(.text)
    CAN1_RX1_IRQHandler                      0x0800015f   Thumb Code     0  startup_stm32f10x_hd.o(.text)
    CAN1_SCE_IRQHandler                      0x0800015f   Thumb Code     0  startup_stm32f10x_hd.o(.text)
    DMA1_Channel1_IRQHandler                 0x0800015f   Thumb Code     0  startup_stm32f10x_hd.o(.text)
    DMA1_Channel2_IRQHandler                 0x0800015f   Thumb Code     0  startup_stm32f10x_hd.o(.text)
    DMA1_Channel3_IRQHandler                 0x0800015f   Thumb Code     0  startup_stm32f10x_hd.o(.text)
    DMA1_Channel4_IRQHandler                 0x0800015f   Thumb Code     0  startup_stm32f10x_hd.o(.text)
    DMA1_Channel5_IRQHandler                 0x0800015f   Thumb Code     0  startup_stm32f10x_hd.o(.text)
    DMA1_Channel6_IRQHandler                 0x0800015f   Thumb Code     0  startup_stm32f10x_hd.o(.text)
    DMA1_Channel7_IRQHandler                 0x0800015f   Thumb Code     0  startup_stm32f10x_hd.o(.text)
    DMA2_Channel1_IRQHandler                 0x0800015f   Thumb Code     0  startup_stm32f10x_hd.o(.text)
    DMA2_Channel2_IRQHandler                 0x0800015f   Thumb Code     0  startup_stm32f10x_hd.o(.text)
    DMA2_Channel3_IRQHandler                 0x0800015f   Thumb Code     0  startup_stm32f10x_hd.o(.text)
    DMA2_Channel4_5_IRQHandler               0x0800015f   Thumb Code     0  startup_stm32f10x_hd.o(.text)
    EXTI0_IRQHandler                         0x0800015f   Thumb Code     0  startup_stm32f10x_hd.o(.text)
    EXTI15_10_IRQHandler                     0x0800015f   Thumb Code     0  startup_stm32f10x_hd.o(.text)
    EXTI1_IRQHandler                         0x0800015f   Thumb Code     0  startup_stm32f10x_hd.o(.text)
    EXTI2_IRQHandler                         0x0800015f   Thumb Code     0  startup_stm32f10x_hd.o(.text)
    EXTI3_IRQHandler                         0x0800015f   Thumb Code     0  startup_stm32f10x_hd.o(.text)
    EXTI4_IRQHandler                         0x0800015f   Thumb Code     0  startup_stm32f10x_hd.o(.text)
    EXTI9_5_IRQHandler                       0x0800015f   Thumb Code     0  startup_stm32f10x_hd.o(.text)
    FLASH_IRQHandler                         0x0800015f   Thumb Code     0  startup_stm32f10x_hd.o(.text)
    FSMC_IRQHandler                          0x0800015f   Thumb Code     0  startup_stm32f10x_hd.o(.text)
    I2C1_ER_IRQHandler                       0x0800015f   Thumb Code     0  startup_stm32f10x_hd.o(.text)
    I2C1_EV_IRQHandler                       0x0800015f   Thumb Code     0  startup_stm32f10x_hd.o(.text)
    I2C2_ER_IRQHandler                       0x0800015f   Thumb Code     0  startup_stm32f10x_hd.o(.text)
    I2C2_EV_IRQHandler                       0x0800015f   Thumb Code     0  startup_stm32f10x_hd.o(.text)
    PVD_IRQHandler                           0x0800015f   Thumb Code     0  startup_stm32f10x_hd.o(.text)
    RCC_IRQHandler                           0x0800015f   Thumb Code     0  startup_stm32f10x_hd.o(.text)
    RTCAlarm_IRQHandler                      0x0800015f   Thumb Code     0  startup_stm32f10x_hd.o(.text)
    RTC_IRQHandler                           0x0800015f   Thumb Code     0  startup_stm32f10x_hd.o(.text)
    SDIO_IRQHandler                          0x0800015f   Thumb Code     0  startup_stm32f10x_hd.o(.text)
    SPI1_IRQHandler                          0x0800015f   Thumb Code     0  startup_stm32f10x_hd.o(.text)
    SPI2_IRQHandler                          0x0800015f   Thumb Code     0  startup_stm32f10x_hd.o(.text)
    SPI3_IRQHandler                          0x0800015f   Thumb Code     0  startup_stm32f10x_hd.o(.text)
    TAMPER_IRQHandler                        0x0800015f   Thumb Code     0  startup_stm32f10x_hd.o(.text)
    TIM1_BRK_IRQHandler                      0x0800015f   Thumb Code     0  startup_stm32f10x_hd.o(.text)
    TIM1_CC_IRQHandler                       0x0800015f   Thumb Code     0  startup_stm32f10x_hd.o(.text)
    TIM1_TRG_COM_IRQHandler                  0x0800015f   Thumb Code     0  startup_stm32f10x_hd.o(.text)
    TIM1_UP_IRQHandler                       0x0800015f   Thumb Code     0  startup_stm32f10x_hd.o(.text)
    TIM3_IRQHandler                          0x0800015f   Thumb Code     0  startup_stm32f10x_hd.o(.text)
    TIM4_IRQHandler                          0x0800015f   Thumb Code     0  startup_stm32f10x_hd.o(.text)
    TIM5_IRQHandler                          0x0800015f   Thumb Code     0  startup_stm32f10x_hd.o(.text)
    TIM6_IRQHandler                          0x0800015f   Thumb Code     0  startup_stm32f10x_hd.o(.text)
    TIM7_IRQHandler                          0x0800015f   Thumb Code     0  startup_stm32f10x_hd.o(.text)
    TIM8_BRK_IRQHandler                      0x0800015f   Thumb Code     0  startup_stm32f10x_hd.o(.text)
    TIM8_CC_IRQHandler                       0x0800015f   Thumb Code     0  startup_stm32f10x_hd.o(.text)
    TIM8_TRG_COM_IRQHandler                  0x0800015f   Thumb Code     0  startup_stm32f10x_hd.o(.text)
    TIM8_UP_IRQHandler                       0x0800015f   Thumb Code     0  startup_stm32f10x_hd.o(.text)
    UART4_IRQHandler                         0x0800015f   Thumb Code     0  startup_stm32f10x_hd.o(.text)
    UART5_IRQHandler                         0x0800015f   Thumb Code     0  startup_stm32f10x_hd.o(.text)
    USART2_IRQHandler                        0x0800015f   Thumb Code     0  startup_stm32f10x_hd.o(.text)
    USART3_IRQHandler                        0x0800015f   Thumb Code     0  startup_stm32f10x_hd.o(.text)
    USBWakeUp_IRQHandler                     0x0800015f   Thumb Code     0  startup_stm32f10x_hd.o(.text)
    USB_HP_CAN1_TX_IRQHandler                0x0800015f   Thumb Code     0  startup_stm32f10x_hd.o(.text)
    USB_LP_CAN1_RX0_IRQHandler               0x0800015f   Thumb Code     0  startup_stm32f10x_hd.o(.text)
    WWDG_IRQHandler                          0x0800015f   Thumb Code     0  startup_stm32f10x_hd.o(.text)
    __aeabi_memset                           0x08000169   Thumb Code    14  memseta.o(.text)
    __aeabi_memset4                          0x08000169   Thumb Code     0  memseta.o(.text)
    __aeabi_memset8                          0x08000169   Thumb Code     0  memseta.o(.text)
    __aeabi_memclr                           0x08000177   Thumb Code     4  memseta.o(.text)
    __aeabi_memclr4                          0x08000177   Thumb Code     0  memseta.o(.text)
    __aeabi_memclr8                          0x08000177   Thumb Code     0  memseta.o(.text)
    _memset$wrapper                          0x0800017b   Thumb Code    18  memseta.o(.text)
    strlen                                   0x0800018d   Thumb Code    14  strlen.o(.text)
    strcmp                                   0x0800019b   Thumb Code    28  strcmp.o(.text)
    __0sscanf                                0x080001b9   Thumb Code    48  __0sscanf.o(.text)
    _scanf_int                               0x080001f1   Thumb Code   332  _scanf_int.o(.text)
    __aeabi_fadd                             0x0800033d   Thumb Code   164  fadd.o(.text)
    __aeabi_fsub                             0x080003e1   Thumb Code     6  fadd.o(.text)
    __aeabi_frsub                            0x080003e7   Thumb Code     6  fadd.o(.text)
    __aeabi_fmul                             0x080003ed   Thumb Code   100  fmul.o(.text)
    __aeabi_fdiv                             0x08000451   Thumb Code   124  fdiv.o(.text)
    __aeabi_dmul                             0x080004cd   Thumb Code   228  dmul.o(.text)
    __aeabi_ddiv                             0x080005b1   Thumb Code   222  ddiv.o(.text)
    __aeabi_i2f                              0x0800068f   Thumb Code    18  fflti.o(.text)
    __aeabi_f2iz                             0x080006a1   Thumb Code    50  ffixi.o(.text)
    __aeabi_f2uiz                            0x080006d3   Thumb Code    40  ffixui.o(.text)
    __aeabi_f2d                              0x080006fb   Thumb Code    38  f2d.o(.text)
    __aeabi_d2f                              0x08000721   Thumb Code    56  d2f.o(.text)
    __aeabi_cfcmpeq                          0x08000759   Thumb Code     0  cfcmple.o(.text)
    __aeabi_cfcmple                          0x08000759   Thumb Code    20  cfcmple.o(.text)
    __aeabi_uidiv                            0x0800076d   Thumb Code     0  uidiv.o(.text)
    __aeabi_uidivmod                         0x0800076d   Thumb Code    44  uidiv.o(.text)
    _chval                                   0x08000799   Thumb Code    28  _chval.o(.text)
    __vfscanf_char                           0x080007c1   Thumb Code    20  scanf_char.o(.text)
    _sgetc                                   0x080007dd   Thumb Code    30  _sgetc.o(.text)
    _sbackspace                              0x080007fb   Thumb Code    34  _sgetc.o(.text)
    __I$use$fp                               0x0800081d   Thumb Code     0  iusefp.o(.text)
    _float_round                             0x0800081d   Thumb Code    18  fepilogue.o(.text)
    _float_epilogue                          0x0800082f   Thumb Code    92  fepilogue.o(.text)
    _double_round                            0x0800088b   Thumb Code    30  depilogue.o(.text)
    _double_epilogue                         0x080008a9   Thumb Code   156  depilogue.o(.text)
    __scatterload                            0x08000945   Thumb Code    28  init.o(.text)
    __scatterload_rt2                        0x08000945   Thumb Code     0  init.o(.text)
    __aeabi_llsl                             0x08000969   Thumb Code    30  llshl.o(.text)
    _ll_shift_l                              0x08000969   Thumb Code     0  llshl.o(.text)
    __aeabi_llsr                             0x08000987   Thumb Code    32  llushr.o(.text)
    _ll_ushift_r                             0x08000987   Thumb Code     0  llushr.o(.text)
    isspace                                  0x080009a7   Thumb Code    10  isspace_c.o(.text)
    __vfscanf                                0x080009b1   Thumb Code   808  _scanf.o(.text)
    __ctype_lookup                           0x08000cdd   Thumb Code    34  ctype_c.o(.text)
    __decompress                             0x08000d05   Thumb Code     0  __dczerorl2.o(.text)
    __decompress1                            0x08000d05   Thumb Code    86  __dczerorl2.o(.text)
    BEEP_GPIO_Config_SPL                     0x08000d5d   Thumb Code    42  main.o(i.BEEP_GPIO_Config_SPL)
    Beeper_Off                               0x08000d8d   Thumb Code    14  main.o(i.Beeper_Off)
    Beeper_On                                0x08000da1   Thumb Code    14  main.o(i.Beeper_On)
    BusFault_Handler                         0x08000db5   Thumb Code     4  stm32f10x_it.o(i.BusFault_Handler)
    Calibrate_or_Get_TouchParaWithFlash      0x08000db9   Thumb Code   134  bsp_xpt2046_lcd.o(i.Calibrate_or_Get_TouchParaWithFlash)
    CheckAndTriggerBell                      0x08000e45   Thumb Code   188  main.o(i.CheckAndTriggerBell)
    DebugMon_Handler                         0x08000fd5   Thumb Code     2  stm32f10x_it.o(i.DebugMon_Handler)
    Delay_Ms                                 0x08000fd9   Thumb Code    18  main.o(i.Delay_Ms)
    Error_Handler_SPL                        0x08001195   Thumb Code    40  main.o(i.Error_Handler_SPL)
    FLASH_PrefetchBufferCmd                  0x080011c1   Thumb Code    22  stm32f10x_flash.o(i.FLASH_PrefetchBufferCmd)
    FLASH_SetLatency                         0x080011dd   Thumb Code    18  stm32f10x_flash.o(i.FLASH_SetLatency)
    FSMC_NORSRAMCmd                          0x080011f5   Thumb Code    46  stm32f10x_fsmc.o(i.FSMC_NORSRAMCmd)
    FSMC_NORSRAMInit                         0x08001229   Thumb Code   230  stm32f10x_fsmc.o(i.FSMC_NORSRAMInit)
    GPIO_Init                                0x0800130f   Thumb Code   278  stm32f10x_gpio.o(i.GPIO_Init)
    GPIO_Keys_Init_SPL                       0x08001425   Thumb Code    46  main.o(i.GPIO_Keys_Init_SPL)
    GPIO_ReadInputDataBit                    0x0800145d   Thumb Code    18  stm32f10x_gpio.o(i.GPIO_ReadInputDataBit)
    GPIO_ResetBits                           0x0800146f   Thumb Code     4  stm32f10x_gpio.o(i.GPIO_ResetBits)
    GPIO_SetBits                             0x08001473   Thumb Code     4  stm32f10x_gpio.o(i.GPIO_SetBits)
    GetGBKCode_from_EXFlash                  0x08001479   Thumb Code    74  fonts.o(i.GetGBKCode_from_EXFlash)
    Get_SystemTicks                          0x080014cd   Thumb Code     6  main.o(i.Get_SystemTicks)
    HandleBellState                          0x080014d9   Thumb Code    32  main.o(i.HandleBellState)
    HardFault_Handler                        0x08001505   Thumb Code     4  stm32f10x_it.o(i.HardFault_Handler)
    ILI9341_BackLed_Control                  0x08001509   Thumb Code    30  bsp_ili9341_lcd.o(i.ILI9341_BackLed_Control)
    ILI9341_Clear                            0x0800152d   Thumb Code    40  bsp_ili9341_lcd.o(i.ILI9341_Clear)
    ILI9341_DispChar_CH                      0x0800156d   Thumb Code   122  bsp_ili9341_lcd.o(i.ILI9341_DispChar_CH)
    ILI9341_DispChar_EN                      0x080015f1   Thumb Code   138  bsp_ili9341_lcd.o(i.ILI9341_DispChar_EN)
    ILI9341_DispStringLine_EN                0x08001689   Thumb Code    92  bsp_ili9341_lcd.o(i.ILI9341_DispStringLine_EN)
    ILI9341_DispStringLine_EN_CH             0x080016f1   Thumb Code   168  bsp_ili9341_lcd.o(i.ILI9341_DispStringLine_EN_CH)
    ILI9341_DispString_EN_CH                 0x080017a5   Thumb Code   168  bsp_ili9341_lcd.o(i.ILI9341_DispString_EN_CH)
    ILI9341_DrawLine                         0x08001885   Thumb Code   160  bsp_ili9341_lcd.o(i.ILI9341_DrawLine)
    ILI9341_DrawRectangle                    0x08001925   Thumb Code   132  bsp_ili9341_lcd.o(i.ILI9341_DrawRectangle)
    ILI9341_GramScan                         0x08001bd5   Thumb Code   208  bsp_ili9341_lcd.o(i.ILI9341_GramScan)
    ILI9341_Init                             0x08001cb5   Thumb Code    34  bsp_ili9341_lcd.o(i.ILI9341_Init)
    ILI9341_OpenWindow                       0x08001cdd   Thumb Code    96  bsp_ili9341_lcd.o(i.ILI9341_OpenWindow)
    ILI9341_ReadID                           0x0800218d   Thumb Code   108  bsp_ili9341_lcd.o(i.ILI9341_ReadID)
    ILI9341_Read_Data                        0x080021fd   Thumb Code     6  bsp_ili9341_lcd.o(i.ILI9341_Read_Data)
    ILI9341_Rst                              0x08002209   Thumb Code    36  bsp_ili9341_lcd.o(i.ILI9341_Rst)
    ILI9341_SetPointPixel                    0x08002245   Thumb Code    42  bsp_ili9341_lcd.o(i.ILI9341_SetPointPixel)
    ILI9341_Write_Cmd                        0x0800227d   Thumb Code     8  bsp_ili9341_lcd.o(i.ILI9341_Write_Cmd)
    ILI9341_Write_Data                       0x08002285   Thumb Code     6  bsp_ili9341_lcd.o(i.ILI9341_Write_Data)
    LCD_GetFont                              0x08002291   Thumb Code     6  bsp_ili9341_lcd.o(i.LCD_GetFont)
    LCD_SetBackColor                         0x0800229d   Thumb Code     6  bsp_ili9341_lcd.o(i.LCD_SetBackColor)
    LCD_SetColors                            0x080022a9   Thumb Code    10  bsp_ili9341_lcd.o(i.LCD_SetColors)
    LCD_SetFont                              0x080022bd   Thumb Code     6  bsp_ili9341_lcd.o(i.LCD_SetFont)
    LCD_SetTextColor                         0x080022c9   Thumb Code     6  bsp_ili9341_lcd.o(i.LCD_SetTextColor)
    LED_GPIO_Config                          0x080025ad   Thumb Code    90  bsp_led.o(i.LED_GPIO_Config)
    MemManage_Handler                        0x0800260d   Thumb Code     4  stm32f10x_it.o(i.MemManage_Handler)
    NMI_Handler                              0x08002611   Thumb Code     2  stm32f10x_it.o(i.NMI_Handler)
    NVIC_Init                                0x0800262d   Thumb Code   100  misc.o(i.NVIC_Init)
    Palette_Init                             0x0800269d   Thumb Code    58  lcdtouch.o(i.Palette_Init)
    PendSV_Handler                           0x080026dd   Thumb Code     2  stm32f10x_it.o(i.PendSV_Handler)
    RCC_AHBPeriphClockCmd                    0x080026e1   Thumb Code    26  stm32f10x_rcc.o(i.RCC_AHBPeriphClockCmd)
    RCC_APB1PeriphClockCmd                   0x08002701   Thumb Code    26  stm32f10x_rcc.o(i.RCC_APB1PeriphClockCmd)
    RCC_APB2PeriphClockCmd                   0x08002721   Thumb Code    26  stm32f10x_rcc.o(i.RCC_APB2PeriphClockCmd)
    RCC_DeInit                               0x08002741   Thumb Code    64  stm32f10x_rcc.o(i.RCC_DeInit)
    RCC_GetClocksFreq                        0x0800278d   Thumb Code   192  stm32f10x_rcc.o(i.RCC_GetClocksFreq)
    RCC_GetFlagStatus                        0x08002861   Thumb Code    56  stm32f10x_rcc.o(i.RCC_GetFlagStatus)
    RCC_GetSYSCLKSource                      0x0800289d   Thumb Code    10  stm32f10x_rcc.o(i.RCC_GetSYSCLKSource)
    RCC_HCLKConfig                           0x080028ad   Thumb Code    18  stm32f10x_rcc.o(i.RCC_HCLKConfig)
    RCC_HSEConfig                            0x080028c5   Thumb Code    70  stm32f10x_rcc.o(i.RCC_HSEConfig)
    RCC_PCLK1Config                          0x08002911   Thumb Code    18  stm32f10x_rcc.o(i.RCC_PCLK1Config)
    RCC_PCLK2Config                          0x08002929   Thumb Code    20  stm32f10x_rcc.o(i.RCC_PCLK2Config)
    RCC_PLLCmd                               0x08002941   Thumb Code     6  stm32f10x_rcc.o(i.RCC_PLLCmd)
    RCC_PLLConfig                            0x0800294d   Thumb Code    24  stm32f10x_rcc.o(i.RCC_PLLConfig)
    RCC_SYSCLKConfig                         0x08002969   Thumb Code    18  stm32f10x_rcc.o(i.RCC_SYSCLKConfig)
    RCC_WaitForHSEStartUp                    0x08002981   Thumb Code    56  stm32f10x_rcc.o(i.RCC_WaitForHSEStartUp)
    SPI_Cmd                                  0x080029b9   Thumb Code    24  stm32f10x_spi.o(i.SPI_Cmd)
    SPI_FLASH_BufferRead                     0x080029d1   Thumb Code    76  bsp_spi_flash.o(i.SPI_FLASH_BufferRead)
    SPI_FLASH_BufferWrite                    0x08002a21   Thumb Code   290  bsp_spi_flash.o(i.SPI_FLASH_BufferWrite)
    SPI_FLASH_Init                           0x08002b45   Thumb Code   178  bsp_spi_flash.o(i.SPI_FLASH_Init)
    SPI_FLASH_PageWrite                      0x08002c05   Thumb Code    98  bsp_spi_flash.o(i.SPI_FLASH_PageWrite)
    SPI_FLASH_SectorErase                    0x08002ca1   Thumb Code    62  bsp_spi_flash.o(i.SPI_FLASH_SectorErase)
    SPI_FLASH_SendByte                       0x08002ce5   Thumb Code   110  bsp_spi_flash.o(i.SPI_FLASH_SendByte)
    SPI_FLASH_WaitForWriteEnd                0x08002d5d   Thumb Code    46  bsp_spi_flash.o(i.SPI_FLASH_WaitForWriteEnd)
    SPI_FLASH_WriteEnable                    0x08002d91   Thumb Code    26  bsp_spi_flash.o(i.SPI_FLASH_WriteEnable)
    SPI_I2S_GetFlagStatus                    0x08002db1   Thumb Code    18  stm32f10x_spi.o(i.SPI_I2S_GetFlagStatus)
    SPI_I2S_ReceiveData                      0x08002dc3   Thumb Code     6  stm32f10x_spi.o(i.SPI_I2S_ReceiveData)
    SPI_I2S_SendData                         0x08002dc9   Thumb Code     4  stm32f10x_spi.o(i.SPI_I2S_SendData)
    SPI_Init                                 0x08002dcd   Thumb Code    60  stm32f10x_spi.o(i.SPI_Init)
    SVC_Handler                              0x08002e49   Thumb Code     2  stm32f10x_it.o(i.SVC_Handler)
    StartBellRing                            0x08002f35   Thumb Code    94  main.o(i.StartBellRing)
    StopBellRing                             0x08002fc9   Thumb Code    40  main.o(i.StopBellRing)
    SysTick_Handler                          0x0800300d   Thumb Code    12  stm32f10x_it.o(i.SysTick_Handler)
    SysTick_Init                             0x0800301d   Thumb Code    92  main.o(i.SysTick_Init)
    SystemClock_Config_SPL                   0x08003085   Thumb Code   124  main.o(i.SystemClock_Config_SPL)
    SystemInit                               0x08003101   Thumb Code    78  system_stm32f10x.o(i.SystemInit)
    TIM2_IRQHandler                          0x08003161   Thumb Code    94  stm32f10x_it.o(i.TIM2_IRQHandler)
    TIM2_Init_SPL                            0x080031d1   Thumb Code    98  main.o(i.TIM2_Init_SPL)
    TIM_ClearITPendingBit                    0x08003233   Thumb Code     6  stm32f10x_tim.o(i.TIM_ClearITPendingBit)
    TIM_Cmd                                  0x08003239   Thumb Code    24  stm32f10x_tim.o(i.TIM_Cmd)
    TIM_GetITStatus                          0x08003251   Thumb Code    34  stm32f10x_tim.o(i.TIM_GetITStatus)
    TIM_ITConfig                             0x08003273   Thumb Code    18  stm32f10x_tim.o(i.TIM_ITConfig)
    TIM_TimeBaseInit                         0x08003285   Thumb Code   122  stm32f10x_tim.o(i.TIM_TimeBaseInit)
    Touch_Button_Down                        0x08003329   Thumb Code   206  lcdtouch.o(i.Touch_Button_Down)
    Touch_Button_Up                          0x080034b9   Thumb Code   244  lcdtouch.o(i.Touch_Button_Up)
    USART1_IRQHandler                        0x080035b1   Thumb Code   116  stm32f10x_it.o(i.USART1_IRQHandler)
    USART_Cmd                                0x08003639   Thumb Code    24  stm32f10x_usart.o(i.USART_Cmd)
    USART_Config                             0x08003651   Thumb Code   160  bsp_usart.o(i.USART_Config)
    USART_GetFlagStatus                      0x080036f9   Thumb Code    26  stm32f10x_usart.o(i.USART_GetFlagStatus)
    USART_GetITStatus                        0x08003713   Thumb Code    84  stm32f10x_usart.o(i.USART_GetITStatus)
    USART_ITConfig                           0x08003767   Thumb Code    74  stm32f10x_usart.o(i.USART_ITConfig)
    USART_Init                               0x080037b1   Thumb Code   210  stm32f10x_usart.o(i.USART_Init)
    USART_ReceiveData                        0x08003889   Thumb Code    10  stm32f10x_usart.o(i.USART_ReceiveData)
    USART_SendData                           0x08003893   Thumb Code     8  stm32f10x_usart.o(i.USART_SendData)
    UsageFault_Handler                       0x0800389b   Thumb Code     4  stm32f10x_it.o(i.UsageFault_Handler)
    XPT2046_Get_TouchedPoint                 0x08003a9d   Thumb Code   232  bsp_xpt2046_lcd.o(i.XPT2046_Get_TouchedPoint)
    XPT2046_Init                             0x08003b89   Thumb Code   134  bsp_xpt2046_lcd.o(i.XPT2046_Init)
    XPT2046_TouchDetect                      0x08003df9   Thumb Code   162  bsp_xpt2046_lcd.o(i.XPT2046_TouchDetect)
    XPT2046_TouchDown                        0x08003ea9   Thumb Code    38  bsp_xpt2046_lcd.o(i.XPT2046_TouchDown)
    XPT2046_TouchEvenHandler                 0x08003ed1   Thumb Code   100  bsp_xpt2046_lcd.o(i.XPT2046_TouchEvenHandler)
    XPT2046_TouchUp                          0x08003f41   Thumb Code    38  bsp_xpt2046_lcd.o(i.XPT2046_TouchUp)
    XPT2046_Touch_Calibrate                  0x08003f69   Thumb Code  1242  bsp_xpt2046_lcd.o(i.XPT2046_Touch_Calibrate)
    __0printf$6                              0x080044c1   Thumb Code    22  printf6.o(i.__0printf$6)
    __1printf$6                              0x080044c1   Thumb Code     0  printf6.o(i.__0printf$6)
    __2printf                                0x080044c1   Thumb Code     0  printf6.o(i.__0printf$6)
    __0sprintf$6                             0x080044e1   Thumb Code    34  printf6.o(i.__0sprintf$6)
    __1sprintf$6                             0x080044e1   Thumb Code     0  printf6.o(i.__0sprintf$6)
    __2sprintf                               0x080044e1   Thumb Code     0  printf6.o(i.__0sprintf$6)
    __scatterload_copy                       0x08004509   Thumb Code    14  handlers.o(i.__scatterload_copy)
    __scatterload_null                       0x08004517   Thumb Code     2  handlers.o(i.__scatterload_null)
    __scatterload_zeroinit                   0x08004519   Thumb Code    14  handlers.o(i.__scatterload_zeroinit)
    fputc                                    0x08004875   Thumb Code    32  bsp_usart.o(i.fputc)
    key_scan                                 0x08004899   Thumb Code   216  main.o(i.key_scan)
    main                                     0x08004995   Thumb Code   436  main.o(i.main)
    ASCII8x16_Table                          0x08004c6c   Data        1520  fonts.o(.constdata)
    ASCII16x24_Table                         0x0800525c   Data        4560  fonts.o(.constdata)
    ASCII24x32_Table                         0x0800642c   Data        9120  fonts.o(.constdata)
    __ctype_categories                       0x080087cc   Data          64  ctype_c.o(.constdata)
    Region$$Table$$Base                      0x0800880c   Number         0  anon$$obj.o(Region$$Table)
    Region$$Table$$Limit                     0x0800882c   Number         0  anon$$obj.o(Region$$Table)
    SystemCoreClock                          0x20000000   Data           4  system_stm32f10x.o(.data)
    AHBPrescTable                            0x20000004   Data          16  system_stm32f10x.o(.data)
    school_schedule                          0x20000028   Data          88  main.o(.data)
    h                                        0x20000080   Data           1  main.o(.data)
    m                                        0x20000081   Data           1  main.o(.data)
    s                                        0x20000082   Data           1  main.o(.data)
    lcd_flag                                 0x20000083   Data           1  main.o(.data)
    rx_data                                  0x20000084   Data           1  main.o(.data)
    rx_index                                 0x20000085   Data           1  main.o(.data)
    rx_flag                                  0x20000086   Data           1  main.o(.data)
    is_beeping                               0x20000087   Data           1  main.o(.data)
    system_timer_ms                          0x20000088   Data           4  main.o(.data)
    beep_start_time_ms                       0x2000008c   Data           4  main.o(.data)
    beep_duration_ms                         0x20000090   Data           4  main.o(.data)
    time_updated_flag                        0x20000094   Data           1  main.o(.data)
    LCD_X_LENGTH                             0x200000a0   Data           2  bsp_ili9341_lcd.o(.data)
    LCD_Y_LENGTH                             0x200000a2   Data           2  bsp_ili9341_lcd.o(.data)
    LCD_SCAN_MODE                            0x200000a4   Data           1  bsp_ili9341_lcd.o(.data)
    lcdid                                    0x200000a6   Data           2  bsp_ili9341_lcd.o(.data)
    strXPT2046_TouchPara                     0x200000b0   Data         192  bsp_xpt2046_lcd.o(.data)
    ucXPT2046_TouchFlag                      0x20000170   Data           1  bsp_xpt2046_lcd.o(.data)
    Font8x16                                 0x20000180   Data           8  fonts.o(.data)
    Font16x24                                0x20000188   Data           8  fonts.o(.data)
    Font24x32                                0x20000190   Data           8  fonts.o(.data)
    __stdout                                 0x2000019c   Data           4  stdout.o(.data)
    rx_buffer                                0x200001a0   Data          30  main.o(.bss)
    button                                   0x200001c0   Data          48  lcdtouch.o(.bss)
    __initial_sp                             0x200011f0   Data           0  startup_stm32f10x_hd.o(STACK)



==============================================================================

Memory Map of the image

  Image Entry point : 0x08000131

  Load Region LR_IROM1 (Base: 0x08000000, Size: 0x000089cc, Max: 0x00080000, ABSOLUTE, COMPRESSED[0x00008974])

    Execution Region ER_IROM1 (Exec base: 0x08000000, Load base: 0x08000000, Size: 0x0000882c, Max: 0x00080000, ABSOLUTE)

    Exec Addr    Load Addr    Size         Type   Attr      Idx    E Section Name        Object

    0x08000000   0x08000000   0x00000130   Data   RO            3    RESET               startup_stm32f10x_hd.o
    0x08000130   0x08000130   0x00000000   Code   RO         3936  * .ARM.Collect$$$$00000000  mc_w.l(entry.o)
    0x08000130   0x08000130   0x00000004   Code   RO         4232    .ARM.Collect$$$$00000001  mc_w.l(entry2.o)
    0x08000134   0x08000134   0x00000004   Code   RO         4235    .ARM.Collect$$$$00000004  mc_w.l(entry5.o)
    0x08000138   0x08000138   0x00000000   Code   RO         4237    .ARM.Collect$$$$00000008  mc_w.l(entry7b.o)
    0x08000138   0x08000138   0x00000000   Code   RO         4239    .ARM.Collect$$$$0000000A  mc_w.l(entry8b.o)
    0x08000138   0x08000138   0x00000008   Code   RO         4240    .ARM.Collect$$$$0000000B  mc_w.l(entry9a.o)
    0x08000140   0x08000140   0x00000000   Code   RO         4242    .ARM.Collect$$$$0000000D  mc_w.l(entry10a.o)
    0x08000140   0x08000140   0x00000000   Code   RO         4244    .ARM.Collect$$$$0000000F  mc_w.l(entry11a.o)
    0x08000140   0x08000140   0x00000004   Code   RO         4233    .ARM.Collect$$$$00002712  mc_w.l(entry2.o)
    0x08000144   0x08000144   0x00000024   Code   RO            4    .text               startup_stm32f10x_hd.o
    0x08000168   0x08000168   0x00000024   Code   RO         3939    .text               mc_w.l(memseta.o)
    0x0800018c   0x0800018c   0x0000000e   Code   RO         3941    .text               mc_w.l(strlen.o)
    0x0800019a   0x0800019a   0x0000001c   Code   RO         3943    .text               mc_w.l(strcmp.o)
    0x080001b6   0x080001b6   0x00000002   PAD
    0x080001b8   0x080001b8   0x00000038   Code   RO         4206    .text               mc_w.l(__0sscanf.o)
    0x080001f0   0x080001f0   0x0000014c   Code   RO         4208    .text               mc_w.l(_scanf_int.o)
    0x0800033c   0x0800033c   0x000000b0   Code   RO         4210    .text               mf_w.l(fadd.o)
    0x080003ec   0x080003ec   0x00000064   Code   RO         4212    .text               mf_w.l(fmul.o)
    0x08000450   0x08000450   0x0000007c   Code   RO         4214    .text               mf_w.l(fdiv.o)
    0x080004cc   0x080004cc   0x000000e4   Code   RO         4216    .text               mf_w.l(dmul.o)
    0x080005b0   0x080005b0   0x000000de   Code   RO         4218    .text               mf_w.l(ddiv.o)
    0x0800068e   0x0800068e   0x00000012   Code   RO         4220    .text               mf_w.l(fflti.o)
    0x080006a0   0x080006a0   0x00000032   Code   RO         4222    .text               mf_w.l(ffixi.o)
    0x080006d2   0x080006d2   0x00000028   Code   RO         4224    .text               mf_w.l(ffixui.o)
    0x080006fa   0x080006fa   0x00000026   Code   RO         4226    .text               mf_w.l(f2d.o)
    0x08000720   0x08000720   0x00000038   Code   RO         4228    .text               mf_w.l(d2f.o)
    0x08000758   0x08000758   0x00000014   Code   RO         4230    .text               mf_w.l(cfcmple.o)
    0x0800076c   0x0800076c   0x0000002c   Code   RO         4247    .text               mc_w.l(uidiv.o)
    0x08000798   0x08000798   0x0000001c   Code   RO         4251    .text               mc_w.l(_chval.o)
    0x080007b4   0x080007b4   0x00000028   Code   RO         4253    .text               mc_w.l(scanf_char.o)
    0x080007dc   0x080007dc   0x00000040   Code   RO         4255    .text               mc_w.l(_sgetc.o)
    0x0800081c   0x0800081c   0x00000000   Code   RO         4257    .text               mc_w.l(iusefp.o)
    0x0800081c   0x0800081c   0x0000006e   Code   RO         4258    .text               mf_w.l(fepilogue.o)
    0x0800088a   0x0800088a   0x000000ba   Code   RO         4260    .text               mf_w.l(depilogue.o)
    0x08000944   0x08000944   0x00000024   Code   RO         4268    .text               mc_w.l(init.o)
    0x08000968   0x08000968   0x0000001e   Code   RO         4270    .text               mc_w.l(llshl.o)
    0x08000986   0x08000986   0x00000020   Code   RO         4272    .text               mc_w.l(llushr.o)
    0x080009a6   0x080009a6   0x0000000a   Code   RO         4276    .text               mc_w.l(isspace_c.o)
    0x080009b0   0x080009b0   0x0000032c   Code   RO         4278    .text               mc_w.l(_scanf.o)
    0x08000cdc   0x08000cdc   0x00000028   Code   RO         4280    .text               mc_w.l(ctype_c.o)
    0x08000d04   0x08000d04   0x00000056   Code   RO         4291    .text               mc_w.l(__dczerorl2.o)
    0x08000d5a   0x08000d5a   0x00000002   PAD
    0x08000d5c   0x08000d5c   0x00000030   Code   RO         3108    i.BEEP_GPIO_Config_SPL  main.o
    0x08000d8c   0x08000d8c   0x00000014   Code   RO         3109    i.Beeper_Off        main.o
    0x08000da0   0x08000da0   0x00000014   Code   RO         3110    i.Beeper_On         main.o
    0x08000db4   0x08000db4   0x00000004   Code   RO         3263    i.BusFault_Handler  stm32f10x_it.o
    0x08000db8   0x08000db8   0x0000008c   Code   RO         3757    i.Calibrate_or_Get_TouchParaWithFlash  bsp_xpt2046_lcd.o
    0x08000e44   0x08000e44   0x000000d8   Code   RO         3111    i.CheckAndTriggerBell  main.o
    0x08000f1c   0x08000f1c   0x00000080   Code   RO         3876    i.Command_Increment_Selected_Unit  lcdtouch.o
    0x08000f9c   0x08000f9c   0x00000038   Code   RO         3877    i.Command_Select_Adjust_Unit  lcdtouch.o
    0x08000fd4   0x08000fd4   0x00000002   Code   RO         3264    i.DebugMon_Handler  stm32f10x_it.o
    0x08000fd6   0x08000fd6   0x00000002   PAD
    0x08000fd8   0x08000fd8   0x00000018   Code   RO         3112    i.Delay_Ms          main.o
    0x08000ff0   0x08000ff0   0x000000cc   Code   RO         3878    i.Draw_IncrementVal_Button  lcdtouch.o
    0x080010bc   0x080010bc   0x000000d8   Code   RO         3879    i.Draw_SelectUnit_Button  lcdtouch.o
    0x08001194   0x08001194   0x0000002c   Code   RO         3113    i.Error_Handler_SPL  main.o
    0x080011c0   0x080011c0   0x0000001c   Code   RO         1009    i.FLASH_PrefetchBufferCmd  stm32f10x_flash.o
    0x080011dc   0x080011dc   0x00000018   Code   RO         1014    i.FLASH_SetLatency  stm32f10x_flash.o
    0x080011f4   0x080011f4   0x00000034   Code   RO         1177    i.FSMC_NORSRAMCmd   stm32f10x_fsmc.o
    0x08001228   0x08001228   0x000000e6   Code   RO         1179    i.FSMC_NORSRAMInit  stm32f10x_fsmc.o
    0x0800130e   0x0800130e   0x00000116   Code   RO         1292    i.GPIO_Init         stm32f10x_gpio.o
    0x08001424   0x08001424   0x00000038   Code   RO         3114    i.GPIO_Keys_Init_SPL  main.o
    0x0800145c   0x0800145c   0x00000012   Code   RO         1296    i.GPIO_ReadInputDataBit  stm32f10x_gpio.o
    0x0800146e   0x0800146e   0x00000004   Code   RO         1299    i.GPIO_ResetBits    stm32f10x_gpio.o
    0x08001472   0x08001472   0x00000004   Code   RO         1300    i.GPIO_SetBits      stm32f10x_gpio.o
    0x08001476   0x08001476   0x00000002   PAD
    0x08001478   0x08001478   0x00000054   Code   RO         3857    i.GetGBKCode_from_EXFlash  fonts.o
    0x080014cc   0x080014cc   0x0000000c   Code   RO         3115    i.Get_SystemTicks   main.o
    0x080014d8   0x080014d8   0x0000002c   Code   RO         3116    i.HandleBellState   main.o
    0x08001504   0x08001504   0x00000004   Code   RO         3265    i.HardFault_Handler  stm32f10x_it.o
    0x08001508   0x08001508   0x00000024   Code   RO         3493    i.ILI9341_BackLed_Control  bsp_ili9341_lcd.o
    0x0800152c   0x0800152c   0x0000002c   Code   RO         3494    i.ILI9341_Clear     bsp_ili9341_lcd.o
    0x08001558   0x08001558   0x00000012   Code   RO         3495    i.ILI9341_Delay     bsp_ili9341_lcd.o
    0x0800156a   0x0800156a   0x00000002   PAD
    0x0800156c   0x0800156c   0x00000084   Code   RO         3496    i.ILI9341_DispChar_CH  bsp_ili9341_lcd.o
    0x080015f0   0x080015f0   0x00000098   Code   RO         3497    i.ILI9341_DispChar_EN  bsp_ili9341_lcd.o
    0x08001688   0x08001688   0x00000068   Code   RO         3498    i.ILI9341_DispStringLine_EN  bsp_ili9341_lcd.o
    0x080016f0   0x080016f0   0x000000b4   Code   RO         3499    i.ILI9341_DispStringLine_EN_CH  bsp_ili9341_lcd.o
    0x080017a4   0x080017a4   0x000000b4   Code   RO         3502    i.ILI9341_DispString_EN_CH  bsp_ili9341_lcd.o
    0x08001858   0x08001858   0x0000002c   Code   RO         3758    i.ILI9341_DrawCross  bsp_xpt2046_lcd.o
    0x08001884   0x08001884   0x000000a0   Code   RO         3509    i.ILI9341_DrawLine  bsp_ili9341_lcd.o
    0x08001924   0x08001924   0x00000088   Code   RO         3510    i.ILI9341_DrawRectangle  bsp_ili9341_lcd.o
    0x080019ac   0x080019ac   0x0000006e   Code   RO         3511    i.ILI9341_FSMC_Config  bsp_ili9341_lcd.o
    0x08001a1a   0x08001a1a   0x00000020   Code   RO         3512    i.ILI9341_FillColor  bsp_ili9341_lcd.o
    0x08001a3a   0x08001a3a   0x00000002   PAD
    0x08001a3c   0x08001a3c   0x00000198   Code   RO         3513    i.ILI9341_GPIO_Config  bsp_ili9341_lcd.o
    0x08001bd4   0x08001bd4   0x000000e0   Code   RO         3515    i.ILI9341_GramScan  bsp_ili9341_lcd.o
    0x08001cb4   0x08001cb4   0x00000028   Code   RO         3516    i.ILI9341_Init      bsp_ili9341_lcd.o
    0x08001cdc   0x08001cdc   0x00000060   Code   RO         3517    i.ILI9341_OpenWindow  bsp_ili9341_lcd.o
    0x08001d3c   0x08001d3c   0x00000450   Code   RO         3518    i.ILI9341_REG_Config  bsp_ili9341_lcd.o
    0x0800218c   0x0800218c   0x00000070   Code   RO         3519    i.ILI9341_ReadID    bsp_ili9341_lcd.o
    0x080021fc   0x080021fc   0x0000000c   Code   RO         3737    i.ILI9341_Read_Data  bsp_ili9341_lcd.o
    0x08002208   0x08002208   0x00000028   Code   RO         3521    i.ILI9341_Rst       bsp_ili9341_lcd.o
    0x08002230   0x08002230   0x00000014   Code   RO         3522    i.ILI9341_SetCursor  bsp_ili9341_lcd.o
    0x08002244   0x08002244   0x00000038   Code   RO         3523    i.ILI9341_SetPointPixel  bsp_ili9341_lcd.o
    0x0800227c   0x0800227c   0x00000008   Code   RO         3727    i.ILI9341_Write_Cmd  bsp_ili9341_lcd.o
    0x08002284   0x08002284   0x0000000c   Code   RO         3732    i.ILI9341_Write_Data  bsp_ili9341_lcd.o
    0x08002290   0x08002290   0x0000000c   Code   RO         3527    i.LCD_GetFont       bsp_ili9341_lcd.o
    0x0800229c   0x0800229c   0x0000000c   Code   RO         3528    i.LCD_SetBackColor  bsp_ili9341_lcd.o
    0x080022a8   0x080022a8   0x00000014   Code   RO         3529    i.LCD_SetColors     bsp_ili9341_lcd.o
    0x080022bc   0x080022bc   0x0000000c   Code   RO         3530    i.LCD_SetFont       bsp_ili9341_lcd.o
    0x080022c8   0x080022c8   0x0000000c   Code   RO         3531    i.LCD_SetTextColor  bsp_ili9341_lcd.o
    0x080022d4   0x080022d4   0x000002d8   Code   RO         3117    i.LCD_Test          main.o
    0x080025ac   0x080025ac   0x00000060   Code   RO         3372    i.LED_GPIO_Config   bsp_led.o
    0x0800260c   0x0800260c   0x00000004   Code   RO         3266    i.MemManage_Handler  stm32f10x_it.o
    0x08002610   0x08002610   0x00000002   Code   RO         3267    i.NMI_Handler       stm32f10x_it.o
    0x08002612   0x08002612   0x00000002   PAD
    0x08002614   0x08002614   0x00000018   Code   RO         3118    i.NVIC_DisableIRQ   main.o
    0x0800262c   0x0800262c   0x00000070   Code   RO          137    i.NVIC_Init         misc.o
    0x0800269c   0x0800269c   0x00000040   Code   RO         3880    i.Palette_Init      lcdtouch.o
    0x080026dc   0x080026dc   0x00000002   Code   RO         3268    i.PendSV_Handler    stm32f10x_it.o
    0x080026de   0x080026de   0x00000002   PAD
    0x080026e0   0x080026e0   0x00000020   Code   RO         1707    i.RCC_AHBPeriphClockCmd  stm32f10x_rcc.o
    0x08002700   0x08002700   0x00000020   Code   RO         1708    i.RCC_APB1PeriphClockCmd  stm32f10x_rcc.o
    0x08002720   0x08002720   0x00000020   Code   RO         1710    i.RCC_APB2PeriphClockCmd  stm32f10x_rcc.o
    0x08002740   0x08002740   0x0000004c   Code   RO         1717    i.RCC_DeInit        stm32f10x_rcc.o
    0x0800278c   0x0800278c   0x000000d4   Code   RO         1718    i.RCC_GetClocksFreq  stm32f10x_rcc.o
    0x08002860   0x08002860   0x0000003c   Code   RO         1719    i.RCC_GetFlagStatus  stm32f10x_rcc.o
    0x0800289c   0x0800289c   0x00000010   Code   RO         1721    i.RCC_GetSYSCLKSource  stm32f10x_rcc.o
    0x080028ac   0x080028ac   0x00000018   Code   RO         1722    i.RCC_HCLKConfig    stm32f10x_rcc.o
    0x080028c4   0x080028c4   0x0000004c   Code   RO         1723    i.RCC_HSEConfig     stm32f10x_rcc.o
    0x08002910   0x08002910   0x00000018   Code   RO         1729    i.RCC_PCLK1Config   stm32f10x_rcc.o
    0x08002928   0x08002928   0x00000018   Code   RO         1730    i.RCC_PCLK2Config   stm32f10x_rcc.o
    0x08002940   0x08002940   0x0000000c   Code   RO         1731    i.RCC_PLLCmd        stm32f10x_rcc.o
    0x0800294c   0x0800294c   0x0000001c   Code   RO         1732    i.RCC_PLLConfig     stm32f10x_rcc.o
    0x08002968   0x08002968   0x00000018   Code   RO         1735    i.RCC_SYSCLKConfig  stm32f10x_rcc.o
    0x08002980   0x08002980   0x00000038   Code   RO         1737    i.RCC_WaitForHSEStartUp  stm32f10x_rcc.o
    0x080029b8   0x080029b8   0x00000018   Code   RO         2187    i.SPI_Cmd           stm32f10x_spi.o
    0x080029d0   0x080029d0   0x00000050   Code   RO         3384    i.SPI_FLASH_BufferRead  bsp_spi_flash.o
    0x08002a20   0x08002a20   0x00000122   Code   RO         3385    i.SPI_FLASH_BufferWrite  bsp_spi_flash.o
    0x08002b42   0x08002b42   0x00000002   PAD
    0x08002b44   0x08002b44   0x000000c0   Code   RO         3387    i.SPI_FLASH_Init    bsp_spi_flash.o
    0x08002c04   0x08002c04   0x0000009c   Code   RO         3388    i.SPI_FLASH_PageWrite  bsp_spi_flash.o
    0x08002ca0   0x08002ca0   0x00000044   Code   RO         3392    i.SPI_FLASH_SectorErase  bsp_spi_flash.o
    0x08002ce4   0x08002ce4   0x00000078   Code   RO         3393    i.SPI_FLASH_SendByte  bsp_spi_flash.o
    0x08002d5c   0x08002d5c   0x00000034   Code   RO         3396    i.SPI_FLASH_WaitForWriteEnd  bsp_spi_flash.o
    0x08002d90   0x08002d90   0x00000020   Code   RO         3397    i.SPI_FLASH_WriteEnable  bsp_spi_flash.o
    0x08002db0   0x08002db0   0x00000012   Code   RO         2195    i.SPI_I2S_GetFlagStatus  stm32f10x_spi.o
    0x08002dc2   0x08002dc2   0x00000006   Code   RO         2198    i.SPI_I2S_ReceiveData  stm32f10x_spi.o
    0x08002dc8   0x08002dc8   0x00000004   Code   RO         2199    i.SPI_I2S_SendData  stm32f10x_spi.o
    0x08002dcc   0x08002dcc   0x0000003c   Code   RO         2200    i.SPI_Init          stm32f10x_spi.o
    0x08002e08   0x08002e08   0x00000040   Code   RO         3400    i.SPI_TIMEOUT_UserCallback  bsp_spi_flash.o
    0x08002e48   0x08002e48   0x00000002   Code   RO         3269    i.SVC_Handler       stm32f10x_it.o
    0x08002e4a   0x08002e4a   0x00000008   Code   RO           24    i.SetSysClock       system_stm32f10x.o
    0x08002e52   0x08002e52   0x00000002   PAD
    0x08002e54   0x08002e54   0x000000e0   Code   RO           25    i.SetSysClockTo72   system_stm32f10x.o
    0x08002f34   0x08002f34   0x00000094   Code   RO         3119    i.StartBellRing     main.o
    0x08002fc8   0x08002fc8   0x00000044   Code   RO         3120    i.StopBellRing      main.o
    0x0800300c   0x0800300c   0x00000010   Code   RO         3270    i.SysTick_Handler   stm32f10x_it.o
    0x0800301c   0x0800301c   0x00000068   Code   RO         3121    i.SysTick_Init      main.o
    0x08003084   0x08003084   0x0000007c   Code   RO         3122    i.SystemClock_Config_SPL  main.o
    0x08003100   0x08003100   0x00000060   Code   RO           27    i.SystemInit        system_stm32f10x.o
    0x08003160   0x08003160   0x00000070   Code   RO         3271    i.TIM2_IRQHandler   stm32f10x_it.o
    0x080031d0   0x080031d0   0x00000062   Code   RO         3123    i.TIM2_Init_SPL     main.o
    0x08003232   0x08003232   0x00000006   Code   RO         2337    i.TIM_ClearITPendingBit  stm32f10x_tim.o
    0x08003238   0x08003238   0x00000018   Code   RO         2342    i.TIM_Cmd           stm32f10x_tim.o
    0x08003250   0x08003250   0x00000022   Code   RO         2363    i.TIM_GetITStatus   stm32f10x_tim.o
    0x08003272   0x08003272   0x00000012   Code   RO         2367    i.TIM_ITConfig      stm32f10x_tim.o
    0x08003284   0x08003284   0x000000a4   Code   RO         2413    i.TIM_TimeBaseInit  stm32f10x_tim.o
    0x08003328   0x08003328   0x000000d4   Code   RO         3881    i.Touch_Button_Down  lcdtouch.o
    0x080033fc   0x080033fc   0x000000bc   Code   RO         3882    i.Touch_Button_Init  lcdtouch.o
    0x080034b8   0x080034b8   0x000000f8   Code   RO         3883    i.Touch_Button_Up   lcdtouch.o
    0x080035b0   0x080035b0   0x00000088   Code   RO         3272    i.USART1_IRQHandler  stm32f10x_it.o
    0x08003638   0x08003638   0x00000018   Code   RO         2878    i.USART_Cmd         stm32f10x_usart.o
    0x08003650   0x08003650   0x000000a8   Code   RO         3339    i.USART_Config      bsp_usart.o
    0x080036f8   0x080036f8   0x0000001a   Code   RO         2881    i.USART_GetFlagStatus  stm32f10x_usart.o
    0x08003712   0x08003712   0x00000054   Code   RO         2882    i.USART_GetITStatus  stm32f10x_usart.o
    0x08003766   0x08003766   0x0000004a   Code   RO         2884    i.USART_ITConfig    stm32f10x_usart.o
    0x080037b0   0x080037b0   0x000000d8   Code   RO         2885    i.USART_Init        stm32f10x_usart.o
    0x08003888   0x08003888   0x0000000a   Code   RO         2892    i.USART_ReceiveData  stm32f10x_usart.o
    0x08003892   0x08003892   0x00000008   Code   RO         2895    i.USART_SendData    stm32f10x_usart.o
    0x0800389a   0x0800389a   0x00000004   Code   RO         3273    i.UsageFault_Handler  stm32f10x_it.o
    0x0800389e   0x0800389e   0x000001de   Code   RO         3759    i.XPT2046_Calculate_CalibrationFactor  bsp_xpt2046_lcd.o
    0x08003a7c   0x08003a7c   0x0000001e   Code   RO         3760    i.XPT2046_DelayUS   bsp_xpt2046_lcd.o
    0x08003a9a   0x08003a9a   0x00000002   PAD
    0x08003a9c   0x08003a9c   0x000000ec   Code   RO         3761    i.XPT2046_Get_TouchedPoint  bsp_xpt2046_lcd.o
    0x08003b88   0x08003b88   0x00000090   Code   RO         3762    i.XPT2046_Init      bsp_xpt2046_lcd.o
    0x08003c18   0x08003c18   0x00000010   Code   RO         3763    i.XPT2046_ReadAdc   bsp_xpt2046_lcd.o
    0x08003c28   0x08003c28   0x00000158   Code   RO         3764    i.XPT2046_ReadAdc_Smooth_XY  bsp_xpt2046_lcd.o
    0x08003d80   0x08003d80   0x00000026   Code   RO         3765    i.XPT2046_ReadAdc_XY  bsp_xpt2046_lcd.o
    0x08003da6   0x08003da6   0x00000002   PAD
    0x08003da8   0x08003da8   0x00000050   Code   RO         3766    i.XPT2046_ReadCMD   bsp_xpt2046_lcd.o
    0x08003df8   0x08003df8   0x000000b0   Code   RO         3767    i.XPT2046_TouchDetect  bsp_xpt2046_lcd.o
    0x08003ea8   0x08003ea8   0x00000026   Code   RO         3768    i.XPT2046_TouchDown  bsp_xpt2046_lcd.o
    0x08003ece   0x08003ece   0x00000002   PAD
    0x08003ed0   0x08003ed0   0x00000070   Code   RO         3769    i.XPT2046_TouchEvenHandler  bsp_xpt2046_lcd.o
    0x08003f40   0x08003f40   0x00000026   Code   RO         3770    i.XPT2046_TouchUp   bsp_xpt2046_lcd.o
    0x08003f66   0x08003f66   0x00000002   PAD
    0x08003f68   0x08003f68   0x000004f4   Code   RO         3771    i.XPT2046_Touch_Calibrate  bsp_xpt2046_lcd.o
    0x0800445c   0x0800445c   0x00000064   Code   RO         3772    i.XPT2046_WriteCMD  bsp_xpt2046_lcd.o
    0x080044c0   0x080044c0   0x00000020   Code   RO         4100    i.__0printf$6       mc_w.l(printf6.o)
    0x080044e0   0x080044e0   0x00000028   Code   RO         4102    i.__0sprintf$6      mc_w.l(printf6.o)
    0x08004508   0x08004508   0x0000000e   Code   RO         4285    i.__scatterload_copy  mc_w.l(handlers.o)
    0x08004516   0x08004516   0x00000002   Code   RO         4286    i.__scatterload_null  mc_w.l(handlers.o)
    0x08004518   0x08004518   0x0000000e   Code   RO         4287    i.__scatterload_zeroinit  mc_w.l(handlers.o)
    0x08004526   0x08004526   0x00000002   PAD
    0x08004528   0x08004528   0x000002f0   Code   RO         4107    i._printf_core      mc_w.l(printf6.o)
    0x08004818   0x08004818   0x00000024   Code   RO         4108    i._printf_post_padding  mc_w.l(printf6.o)
    0x0800483c   0x0800483c   0x0000002e   Code   RO         4109    i._printf_pre_padding  mc_w.l(printf6.o)
    0x0800486a   0x0800486a   0x0000000a   Code   RO         4111    i._sputc            mc_w.l(printf6.o)
    0x08004874   0x08004874   0x00000024   Code   RO         3342    i.fputc             bsp_usart.o
    0x08004898   0x08004898   0x000000fc   Code   RO         3124    i.key_scan          main.o
    0x08004994   0x08004994   0x000002d8   Code   RO         3125    i.main              main.o
    0x08004c6c   0x08004c6c   0x00003b60   Data   RO         3858    .constdata          fonts.o
    0x080087cc   0x080087cc   0x00000040   Data   RO         4281    .constdata          mc_w.l(ctype_c.o)
    0x0800880c   0x0800880c   0x00000020   Data   RO         4283    Region$$Table       anon$$obj.o


    Execution Region RW_IRAM1 (Exec base: 0x20000000, Load base: 0x0800882c, Size: 0x000011f0, Max: 0x00010000, ABSOLUTE, COMPRESSED[0x00000148])

    Exec Addr    Load Addr    Size         Type   Attr      Idx    E Section Name        Object

    0x20000000   COMPRESSED   0x00000014   Data   RW           28    .data               system_stm32f10x.o
    0x20000014   COMPRESSED   0x00000014   Data   RW         1738    .data               stm32f10x_rcc.o
    0x20000028   COMPRESSED   0x00000071   Data   RW         3128    .data               main.o
    0x20000099   COMPRESSED   0x00000003   PAD
    0x2000009c   COMPRESSED   0x00000004   Data   RW         3401    .data               bsp_spi_flash.o
    0x200000a0   COMPRESSED   0x00000010   Data   RW         3533    .data               bsp_ili9341_lcd.o
    0x200000b0   COMPRESSED   0x000000d0   Data   RW         3773    .data               bsp_xpt2046_lcd.o
    0x20000180   COMPRESSED   0x00000019   Data   RW         3859    .data               fonts.o
    0x20000199   COMPRESSED   0x00000003   PAD
    0x2000019c   COMPRESSED   0x00000004   Data   RW         4246    .data               mc_w.l(stdout.o)
    0x200001a0        -       0x0000001e   Zero   RW         3126    .bss                main.o
    0x200001be   COMPRESSED   0x00000002   PAD
    0x200001c0        -       0x00000030   Zero   RW         3884    .bss                lcdtouch.o
    0x200001f0        -       0x00001000   Zero   RW            1    STACK               startup_stm32f10x_hd.o


==============================================================================

Image component sizes


      Code (inc. data)   RO Data    RW Data    ZI Data      Debug   Object Name

      3484        190          0         16          0      20230   bsp_ili9341_lcd.o
        96          6          0          0          0        526   bsp_led.o
      1054        152          0          4          0       6391   bsp_spi_flash.o
       204         12          0          0          0       1231   bsp_usart.o
      3282        196          0        208          0      14108   bsp_xpt2046_lcd.o
         0          0          0          0          0       4500   core_cm3.o
        84         10      15200         25          0       2215   fonts.o
      1316        104          0          0         48       5717   lcdtouch.o
      2758        926          0        113         30      29656   main.o
       112         12          0          0          0       1028   misc.o
        36          8        304          0       4096        860   startup_stm32f10x_hd.o
        52         12          0          0          0       1105   stm32f10x_flash.o
       282          6          0          0          0       1821   stm32f10x_fsmc.o
       304          0          0          0          0       3672   stm32f10x_gpio.o
       288         42          0          0          0       4928   stm32f10x_it.o
       728         98          0         20          0      11126   stm32f10x_rcc.o
       112          0          0          0          0       3850   stm32f10x_spi.o
       246         42          0          0          0       3574   stm32f10x_tim.o
       442          6          0          0          0       6193   stm32f10x_usart.o
       328         28          0         20          0     265565   system_stm32f10x.o

    ----------------------------------------------------------------------
     15232       1850      15536        412       4176     388296   Object Totals
         0          0         32          0          0          0   (incl. Generated)
        24          0          0          6          2          0   (incl. Padding)

    ----------------------------------------------------------------------

      Code (inc. data)   RO Data    RW Data    ZI Data      Debug   Library Member Name

        56          8          0          0          0         84   __0sscanf.o
        86          0          0          0          0          0   __dczerorl2.o
        28          0          0          0          0         68   _chval.o
       812          4          0          0          0        112   _scanf.o
       332          0          0          0          0         96   _scanf_int.o
        64          0          0          0          0         84   _sgetc.o
        40          6         64          0          0         68   ctype_c.o
         0          0          0          0          0          0   entry.o
         0          0          0          0          0          0   entry10a.o
         0          0          0          0          0          0   entry11a.o
         8          4          0          0          0          0   entry2.o
         4          0          0          0          0          0   entry5.o
         0          0          0          0          0          0   entry7b.o
         0          0          0          0          0          0   entry8b.o
         8          4          0          0          0          0   entry9a.o
        30          0          0          0          0          0   handlers.o
        36          8          0          0          0         68   init.o
        10          0          0          0          0         68   isspace_c.o
         0          0          0          0          0          0   iusefp.o
        30          0          0          0          0         68   llshl.o
        32          0          0          0          0         68   llushr.o
        36          0          0          0          0        108   memseta.o
       916         20          0          0          0        504   printf6.o
        40          8          0          0          0         84   scanf_char.o
         0          0          0          4          0          0   stdout.o
        28          0          0          0          0         76   strcmp.o
        14          0          0          0          0         68   strlen.o
        44          0          0          0          0         80   uidiv.o
        20          0          0          0          0         68   cfcmple.o
        56          0          0          0          0         88   d2f.o
       222          0          0          0          0        100   ddiv.o
       186          0          0          0          0        176   depilogue.o
       228          0          0          0          0         96   dmul.o
        38          0          0          0          0         68   f2d.o
       176          0          0          0          0        140   fadd.o
       124          0          0          0          0         88   fdiv.o
       110          0          0          0          0        168   fepilogue.o
        50          0          0          0          0         68   ffixi.o
        40          0          0          0          0         68   ffixui.o
        18          0          0          0          0         68   fflti.o
       100          0          0          0          0         76   fmul.o

    ----------------------------------------------------------------------
      4028         62         64          4          0       2976   Library Totals
         6          0          0          0          0          0   (incl. Padding)

    ----------------------------------------------------------------------

      Code (inc. data)   RO Data    RW Data    ZI Data      Debug   Library Name

      2654         62         64          4          0       1704   mc_w.l
      1368          0          0          0          0       1272   mf_w.l

    ----------------------------------------------------------------------
      4028         62         64          4          0       2976   Library Totals

    ----------------------------------------------------------------------

==============================================================================


      Code (inc. data)   RO Data    RW Data    ZI Data      Debug   

     19260       1912      15600        416       4176     382872   Grand Totals
     19260       1912      15600        328       4176     382872   ELF Image Totals (compressed)
     19260       1912      15600        328          0          0   ROM Totals

==============================================================================

    Total RO  Size (Code + RO Data)                34860 (  34.04kB)
    Total RW  Size (RW Data + ZI Data)              4592 (   4.48kB)
    Total ROM Size (Code + RO Data + RW Data)      35188 (  34.36kB)

==============================================================================

